
 Start         Length     Name                   Class
 0001:00000000 000747B8H .text                   CODE
 0002:00000000 00001240H .data                   DATA
 0002:00001240 00000CBDH .bss                    BSS


Detailed map of segments

 0001:00000000 0000575B C=CODE     S=.text    G=(none)   M=System   ACBP=A9
 0001:0000575C 00000140 C=CODE     S=.text    G=(none)   M=SysInit  ACBP=A9
 0001:0000589C 00000078 C=CODE     S=.text    G=(none)   M=Types    ACBP=A9
 0001:00005914 00000B9C C=CODE     S=.text    G=(none)   M=Windows  ACBP=A9
 0001:000064B0 00000038 C=CODE     S=.text    G=(none)   M=Messages ACBP=A9
 0001:000064E8 000002C8 C=CODE     S=.text    G=(none)   M=SysConst ACBP=A9
 0001:000067B0 000047E4 C=CODE     S=.text    G=(none)   M=SysUtils ACBP=A9
 0001:0000AF94 00000098 C=CODE     S=.text    G=(none)   M=VarUtils ACBP=A9
 0001:0000B02C 00004264 C=CODE     S=.text    G=(none)   M=Variants ACBP=A9
 0001:0000F290 00000150 C=CODE     S=.text    G=(none)   M=RTLConsts ACBP=A9
 0001:0000F3E0 00000DCC C=CODE     S=.text    G=(none)   M=TypInfo  ACBP=A9
 0001:000101AC 00000038 C=CODE     S=.text    G=(none)   M=ActiveX  ACBP=A9
 0001:000101E4 0000B97A C=CODE     S=.text    G=(none)   M=Classes  ACBP=A9
 0001:0001BB60 00000320 C=CODE     S=.text    G=(none)   M=Consts   ACBP=A9
 0001:0001BE80 0000919F C=CODE     S=.text    G=(none)   M=Graphics ACBP=A9
 0001:00025020 00000048 C=CODE     S=.text    G=(none)   M=Math     ACBP=A9
 0001:00025068 000002B8 C=CODE     S=.text    G=(none)   M=Contnrs  ACBP=A9
 0001:00025320 00000198 C=CODE     S=.text    G=(none)   M=CommCtrl ACBP=A9
 0001:000254B8 00000787 C=CODE     S=.text    G=(none)   M=MultiMon ACBP=A9
 0001:00025C40 00000038 C=CODE     S=.text    G=(none)   M=Imm      ACBP=A9
 0001:00025C78 00001078 C=CODE     S=.text    G=(none)   M=HelpIntfs ACBP=A9
 0001:00026CF0 00000038 C=CODE     S=.text    G=(none)   M=WinSpool ACBP=A9
 0001:00026D28 00000044 C=CODE     S=.text    G=(none)   M=Printers ACBP=A9
 0001:00026D6C 0000031F C=CODE     S=.text    G=(none)   M=FlatSB   ACBP=A9
 0001:0002708C 00005E90 C=CODE     S=.text    G=(none)   M=StdCtrls ACBP=A9
 0001:0002CF1C 00000038 C=CODE     S=.text    G=(none)   M=ShellAPI ACBP=A9
 0001:0002CF54 00000038 C=CODE     S=.text    G=(none)   M=RegStr   ACBP=A9
 0001:0002CF8C 00000038 C=CODE     S=.text    G=(none)   M=WinInet  ACBP=A9
 0001:0002CFC4 00000038 C=CODE     S=.text    G=(none)   M=UrlMon   ACBP=A9
 0001:0002CFFC 00000038 C=CODE     S=.text    G=(none)   M=ShlObj   ACBP=A9
 0001:0002D034 00000048 C=CODE     S=.text    G=(none)   M=CommDlg  ACBP=A9
 0001:0002D07C 000028E0 C=CODE     S=.text    G=(none)   M=ExtCtrls ACBP=A9
 0001:0002F95C 00000038 C=CODE     S=.text    G=(none)   M=Dlgs     ACBP=A9
 0001:0002F994 00001755 C=CODE     S=.text    G=(none)   M=Dialogs  ACBP=A9
 0001:000310EC 00000668 C=CODE     S=.text    G=(none)   M=Clipbrd  ACBP=A9
 0001:00031754 00000038 C=CODE     S=.text    G=(none)   M=StrUtils ACBP=A9
 0001:0003178C 00000168 C=CODE     S=.text    G=(none)   M=StdActns ACBP=A9
 0001:000318F4 00000CC4 C=CODE     S=.text    G=(none)   M=WinHelpViewer ACBP=A9
 0001:000325B8 00010D23 C=CODE     S=.text    G=(none)   M=Controls ACBP=A9
 0001:000432DC 0000127A C=CODE     S=.text    G=(none)   M=ActnList ACBP=A9
 0001:00044558 000019E0 C=CODE     S=.text    G=(none)   M=ImgList  ACBP=A9
 0001:00045F38 000064C1 C=CODE     S=.text    G=(none)   M=Menus    ACBP=A9
 0001:0004C3FC 0000CADC C=CODE     S=.text    G=(none)   M=Forms    ACBP=A9
 0001:00058ED8 000008EC C=CODE     S=.text    G=(none)   M=SimTools ACBP=A9
 0001:000597C4 00000038 C=CODE     S=.text    G=(none)   M=Constants ACBP=A9
 0001:000597FC 00004238 C=CODE     S=.text    G=(none)   M=SimWorld ACBP=A9
 0001:0005DA34 00000038 C=CODE     S=.text    G=(none)   M=RichEdit ACBP=A9
 0001:0005DA6C 00000038 C=CODE     S=.text    G=(none)   M=ToolWin  ACBP=A9
 0001:0005DAA4 00000078 C=CODE     S=.text    G=(none)   M=ComStrs  ACBP=A9
 0001:0005DB1C 000032F1 C=CODE     S=.text    G=(none)   M=Buttons  ACBP=A9
 0001:00060E10 00000038 C=CODE     S=.text    G=(none)   M=ExtDlgs  ACBP=A9
 0001:00060E48 00000068 C=CODE     S=.text    G=(none)   M=IniFiles ACBP=A9
 0001:00060EB0 00000068 C=CODE     S=.text    G=(none)   M=Registry ACBP=A9
 0001:00060F18 0000006C C=CODE     S=.text    G=(none)   M=Mapi     ACBP=A9
 0001:00060F84 00000038 C=CODE     S=.text    G=(none)   M=ExtActns ACBP=A9
 0001:00060FBC 00000038 C=CODE     S=.text    G=(none)   M=ListActns ACBP=A9
 0001:00060FF4 00003790 C=CODE     S=.text    G=(none)   M=ComCtrls ACBP=A9
 0001:00064784 0000109C C=CODE     S=.text    G=(none)   M=Gauges   ACBP=A9
 0001:00065820 00000A18 C=CODE     S=.text    G=(none)   M=MaskUtils ACBP=A9
 0001:00066238 00002104 C=CODE     S=.text    G=(none)   M=Mask     ACBP=A9
 0001:0006833C 000091A4 C=CODE     S=.text    G=(none)   M=Grids    ACBP=A9
 0001:000714E0 00001BC8 C=CODE     S=.text    G=(none)   M=Spin     ACBP=A9
 0001:000730A8 000001F4 C=CODE     S=.text    G=(none)   M=WorldSpeed ACBP=A9
 0001:0007329C 000007FC C=CODE     S=.text    G=(none)   M=MainForm ACBP=A9
 0001:00073A98 00000A5C C=CODE     S=.text    G=(none)   M=WorldInspector ACBP=A9
 0001:000744F4 000002C4 C=CODE     S=.text    G=(none)   M=CyberLife ACBP=A9
 0002:00000000 00000098 C=DATA     S=.data    G=DGROUP   M=System   ACBP=A9
 0002:00000098 00000018 C=DATA     S=.data    G=DGROUP   M=SysInit  ACBP=A9
 0002:000000B0 00000210 C=DATA     S=.data    G=DGROUP   M=SysUtils ACBP=A9
 0002:000002C0 00000108 C=DATA     S=.data    G=DGROUP   M=VarUtils ACBP=A9
 0002:000003C8 0000008E C=DATA     S=.data    G=DGROUP   M=Variants ACBP=A9
 0002:00000458 0000000C C=DATA     S=.data    G=DGROUP   M=TypInfo  ACBP=A9
 0002:00000464 00000090 C=DATA     S=.data    G=DGROUP   M=Classes  ACBP=A9
 0002:000004F4 000002EC C=DATA     S=.data    G=DGROUP   M=Graphics ACBP=A9
 0002:000007E0 00000004 C=DATA     S=.data    G=DGROUP   M=Printers ACBP=A9
 0002:000007E4 000000A0 C=DATA     S=.data    G=DGROUP   M=StdCtrls ACBP=A9
 0002:00000884 00000014 C=DATA     S=.data    G=DGROUP   M=ExtCtrls ACBP=A9
 0002:00000898 000000D4 C=DATA     S=.data    G=DGROUP   M=Dialogs  ACBP=A9
 0002:0000096C 0000013C C=DATA     S=.data    G=DGROUP   M=Controls ACBP=A9
 0002:00000AA8 00000020 C=DATA     S=.data    G=DGROUP   M=ImgList  ACBP=A9
 0002:00000AC8 000000EC C=DATA     S=.data    G=DGROUP   M=Menus    ACBP=A9
 0002:00000BB4 00000124 C=DATA     S=.data    G=DGROUP   M=Forms    ACBP=A9
 0002:00000CD8 00000008 C=DATA     S=.data    G=DGROUP   M=SimWorld ACBP=A9
 0002:00000CE0 0000009E C=DATA     S=.data    G=DGROUP   M=Buttons  ACBP=A9
 0002:00000D80 00000008 C=DATA     S=.data    G=DGROUP   M=IniFiles ACBP=A9
 0002:00000D88 00000008 C=DATA     S=.data    G=DGROUP   M=Registry ACBP=A9
 0002:00000D90 00000008 C=DATA     S=.data    G=DGROUP   M=Mapi     ACBP=A9
 0002:00000D98 00000064 C=DATA     S=.data    G=DGROUP   M=ComCtrls ACBP=A9
 0002:00000DFC 00000009 C=DATA     S=.data    G=DGROUP   M=MaskUtils ACBP=A9
 0002:00000E08 00000004 C=DATA     S=.data    G=DGROUP   M=Mask     ACBP=A9
 0002:00000E0C 00000006 C=DATA     S=.data    G=DGROUP   M=Grids    ACBP=A9
 0002:00002000 00000708 C=BSS      S=.bss     G=DGROUP   M=System   ACBP=A9
 0002:00002708 00000018 C=BSS      S=.bss     G=DGROUP   M=SysInit  ACBP=A9
 0002:00002720 00000004 C=BSS      S=.bss     G=DGROUP   M=Types    ACBP=A9
 0002:00002724 00000004 C=BSS      S=.bss     G=DGROUP   M=Windows  ACBP=A9
 0002:00002728 00000004 C=BSS      S=.bss     G=DGROUP   M=Messages ACBP=A9
 0002:0000272C 00000004 C=BSS      S=.bss     G=DGROUP   M=SysConst ACBP=A9
 0002:00002730 00000120 C=BSS      S=.bss     G=DGROUP   M=SysUtils ACBP=A9
 0002:00002850 00000004 C=BSS      S=.bss     G=DGROUP   M=VarUtils ACBP=A9
 0002:00002854 00000184 C=BSS      S=.bss     G=DGROUP   M=Variants ACBP=A9
 0002:000029D8 00000004 C=BSS      S=.bss     G=DGROUP   M=RTLConsts ACBP=A9
 0002:000029DC 00000004 C=BSS      S=.bss     G=DGROUP   M=TypInfo  ACBP=A9
 0002:000029E0 00000004 C=BSS      S=.bss     G=DGROUP   M=ActiveX  ACBP=A9
 0002:000029E4 00000040 C=BSS      S=.bss     G=DGROUP   M=Classes  ACBP=A9
 0002:00002A24 00000004 C=BSS      S=.bss     G=DGROUP   M=Consts   ACBP=A9
 0002:00002A28 00000060 C=BSS      S=.bss     G=DGROUP   M=Graphics ACBP=A9
 0002:00002A88 00000004 C=BSS      S=.bss     G=DGROUP   M=Math     ACBP=A9
 0002:00002A8C 00000004 C=BSS      S=.bss     G=DGROUP   M=Contnrs  ACBP=A9
 0002:00002A90 0000000C C=BSS      S=.bss     G=DGROUP   M=CommCtrl ACBP=A9
 0002:00002A9C 00000031 C=BSS      S=.bss     G=DGROUP   M=MultiMon ACBP=A9
 0002:00002AD0 00000004 C=BSS      S=.bss     G=DGROUP   M=Imm      ACBP=A9
 0002:00002AD4 00000008 C=BSS      S=.bss     G=DGROUP   M=HelpIntfs ACBP=A9
 0002:00002ADC 00000004 C=BSS      S=.bss     G=DGROUP   M=WinSpool ACBP=A9
 0002:00002AE0 00000004 C=BSS      S=.bss     G=DGROUP   M=Printers ACBP=A9
 0002:00002AE4 00000034 C=BSS      S=.bss     G=DGROUP   M=FlatSB   ACBP=A9
 0002:00002B18 00000004 C=BSS      S=.bss     G=DGROUP   M=StdCtrls ACBP=A9
 0002:00002B1C 00000004 C=BSS      S=.bss     G=DGROUP   M=ShellAPI ACBP=A9
 0002:00002B20 00000004 C=BSS      S=.bss     G=DGROUP   M=RegStr   ACBP=A9
 0002:00002B24 00000004 C=BSS      S=.bss     G=DGROUP   M=WinInet  ACBP=A9
 0002:00002B28 00000004 C=BSS      S=.bss     G=DGROUP   M=UrlMon   ACBP=A9
 0002:00002B2C 00000004 C=BSS      S=.bss     G=DGROUP   M=ShlObj   ACBP=A9
 0002:00002B30 00000004 C=BSS      S=.bss     G=DGROUP   M=CommDlg  ACBP=A9
 0002:00002B34 00000004 C=BSS      S=.bss     G=DGROUP   M=ExtCtrls ACBP=A9
 0002:00002B38 00000004 C=BSS      S=.bss     G=DGROUP   M=Dlgs     ACBP=A9
 0002:00002B3C 0000000C C=BSS      S=.bss     G=DGROUP   M=Dialogs  ACBP=A9
 0002:00002B48 0000000C C=BSS      S=.bss     G=DGROUP   M=Clipbrd  ACBP=A9
 0002:00002B54 00000004 C=BSS      S=.bss     G=DGROUP   M=StrUtils ACBP=A9
 0002:00002B58 00000004 C=BSS      S=.bss     G=DGROUP   M=StdActns ACBP=A9
 0002:00002B5C 00000010 C=BSS      S=.bss     G=DGROUP   M=WinHelpViewer ACBP=A9
 0002:00002B6C 00000080 C=BSS      S=.bss     G=DGROUP   M=Controls ACBP=A9
 0002:00002BEC 00000004 C=BSS      S=.bss     G=DGROUP   M=ActnList ACBP=A9
 0002:00002BF0 00000004 C=BSS      S=.bss     G=DGROUP   M=ImgList  ACBP=A9
 0002:00002BF4 00000010 C=BSS      S=.bss     G=DGROUP   M=Menus    ACBP=A9
 0002:00002C04 00000020 C=BSS      S=.bss     G=DGROUP   M=Forms    ACBP=A9
 0002:00002C24 00000004 C=BSS      S=.bss     G=DGROUP   M=SimTools ACBP=A9
 0002:00002C28 00000004 C=BSS      S=.bss     G=DGROUP   M=Constants ACBP=A9
 0002:00002C2C 00000004 C=BSS      S=.bss     G=DGROUP   M=SimWorld ACBP=A9
 0002:00002C30 00000004 C=BSS      S=.bss     G=DGROUP   M=RichEdit ACBP=A9
 0002:00002C34 00000004 C=BSS      S=.bss     G=DGROUP   M=ToolWin  ACBP=A9
 0002:00002C38 00000004 C=BSS      S=.bss     G=DGROUP   M=ComStrs  ACBP=A9
 0002:00002C3C 00000030 C=BSS      S=.bss     G=DGROUP   M=Buttons  ACBP=A9
 0002:00002C6C 00000004 C=BSS      S=.bss     G=DGROUP   M=ExtDlgs  ACBP=A9
 0002:00002C70 00000004 C=BSS      S=.bss     G=DGROUP   M=IniFiles ACBP=A9
 0002:00002C74 00000004 C=BSS      S=.bss     G=DGROUP   M=Registry ACBP=A9
 0002:00002C78 00000004 C=BSS      S=.bss     G=DGROUP   M=Mapi     ACBP=A9
 0002:00002C7C 00000004 C=BSS      S=.bss     G=DGROUP   M=ExtActns ACBP=A9
 0002:00002C80 00000004 C=BSS      S=.bss     G=DGROUP   M=ListActns ACBP=A9
 0002:00002C84 0000000C C=BSS      S=.bss     G=DGROUP   M=ComCtrls ACBP=A9
 0002:00002C90 00000004 C=BSS      S=.bss     G=DGROUP   M=Gauges   ACBP=A9
 0002:00002C94 00000004 C=BSS      S=.bss     G=DGROUP   M=MaskUtils ACBP=A9
 0002:00002C98 00000004 C=BSS      S=.bss     G=DGROUP   M=Mask     ACBP=A9
 0002:00002C9C 00000004 C=BSS      S=.bss     G=DGROUP   M=Grids    ACBP=A9
 0002:00002CA0 00000004 C=BSS      S=.bss     G=DGROUP   M=Spin     ACBP=A9
 0002:00002CA4 00000008 C=BSS      S=.bss     G=DGROUP   M=WorldSpeed ACBP=A9
 0002:00002CAC 00000008 C=BSS      S=.bss     G=DGROUP   M=MainForm ACBP=A9
 0002:00002CB4 00000008 C=BSS      S=.bss     G=DGROUP   M=WorldInspector ACBP=A9


  Address         Publics by Name

 0002:00002B3C       .01
 0002:00002C2C       .02
 0002:00002C30       .1
 0002:00002C38       .1
 0002:00002B1C       .1
 0002:00002728       .1
 0002:0000272C       .1
 0002:00002A24       .1
 0002:00002C28       .1
 0002:00002B04       .1
 0002:00002B24       .1
 0002:00002B28       .1
 0002:00002720       .1
 0002:00002850       .1
 0002:00002B54       .1
 0002:00002B2C       .1
 0002:00002C78       .1
 0002:00002718       .1
 0002:000029D8       .1
 0002:00002B30       .1
 0002:00002B38       .1
 0002:00002B64       .1
 0002:00002ABC       .1
 0002:00002A90       .1
 0002:00002AD0       .1
 0002:00002B20       .1
 0002:00002C9C       .11
 0002:00002B34       .12
 0002:00002A2C       .12
 0002:00002C94       .2
 0002:00002B4C       .2
 0002:00002A88       .2
 0002:00002C90       .2
 0002:00002AD4       .2
 0002:00002CA8       .2
 0002:00002CB0       .2
 0002:00002CB8       .2
 0002:00002A8C       .21
 0002:00002C6C       .3
 0002:00002AE0       .3
 0002:00002874       .3
 0002:000029E0       .3
 0002:00002BF0       .3
 0002:00002ADC       .3
 0002:00002724       .3
 0002:000029EC       .35
 0002:00002C84       .36
 0002:00002C34       .4
 0002:00002C3C       .4
 0002:00002C0C       .41
 0002:00002B18       .42
 0002:00002C98       .5
 0002:00002CA0       .5
 0002:00002C74       .5
 0002:000025B8       .5
 0002:00002C24       .5
 0002:000029DC       .6
 0002:00002B58       .63
 0002:00002B74       .72
 0002:00002C7C       .72
 0002:00002BEC       .8
 0002:00002C70       .8
 0002:00002C80       .8
 0002:00002BFC       .9
 0002:00002840       .94
 0001:00001998       @AbstractError
 0001:00002AD4       @AfterConstruction
 0001:000028C8       @AsClass
 0001:00001E04       @AStrCmp
 0001:00002AE4       @BeforeDestruction
 0001:00002650       @BoundErr
 0001:00002914       @CallDynaInst
 0001:00002A7C       @ClassCreate
 0001:00002ACC       @ClassDestroy
 0001:00001CD0       @Close
 0001:00004130       @CopyArray
 0001:00004014       @CopyRecord
 0001:00001948       @COS
 0001:000043C4       @DispCallByIDError
 0001:00004238       @Dispose
 0001:00002F60       @DoneExcept
 0001:00004B00       @DynArrayAsg
 0001:00004AC4       @DynArrayClear
 0001:000049B0       @DynArrayCopy
 0001:000049D0       @DynArrayCopyRange
 0001:000047F0       @DynArrayHigh
 0001:000047E8       @DynArrayLength
 0001:000049A4       @DynArraySetLength
 0001:00003048       @ExceptionHandler
 0001:00001FD8       @FillChar
 0001:00004008       @Finalize
 0001:00003F1C       @FinalizeArray
 0001:00003EE8       @FinalizeRecord
 0001:0000292C       @FindDynaInst
 0001:00001CC4       @Flush
 0001:00002644       @FpuInit
 0001:00002580       @FpuMaskInit
 0001:00001764       @FreeMem
 0001:00001E74       @FSafeDivide
 0001:00001744       @GetMem
 0001:000057D4       @GetTls
 0001:0000346C       @Halt
 0001:00003394       @Halt0
 0001:00002BF8       @HandleAnyException
 0001:00002EAC       @HandleFinally
 0001:00002D24       @HandleOnException
 0001:00005820       @InitExe
 0001:00003EDC       @Initialize
 0001:00003E48       @InitializeArray
 0001:00003E18       @InitializeRecord
 0001:00003258       @InitImports
 0001:00003230       @InitResStringImports
 0001:000051E0       @IntfAddRef
 0001:000051B4       @IntfCast
 0001:00005170       @IntfClear
 0001:00005188       @IntfCopy
 0001:00002658       @IntOver
 0001:000028A4       @IsClass
 0001:00002550       @isNECWindows
 0001:00003924       @LStrAddRef
 0001:000034A8       @LStrArrayClr
 0001:000034D8       @LStrAsg
 0001:00003744       @LStrCat
 0001:00003788       @LStrCat3
 0001:000037FC       @LStrCatN
 0001:00003484       @LStrClr
 0001:00003880       @LStrCmp
 0001:00003994       @LStrCopy
 0001:000039D4       @LStrDelete
 0001:000036EC       @LStrFromArray
 0001:00003664       @LStrFromChar
 0001:00003674       @LStrFromPChar
 0001:00003574       @LStrFromPCharLen
 0001:000036A4       @LStrFromPWChar
 0001:000035D8       @LStrFromPWCharLen
 0001:000036E0       @LStrFromString
 0001:00003704       @LStrFromWStr
 0001:00003A1C       @LStrInsert
 0001:0000351C       @LStrLAsg
 0001:0000373C       @LStrLen
 0001:00003A78       @LStrSetLength
 0001:00003934       @LStrToPChar
 0001:00003718       @LStrToString
 0001:00004224       @New
 0001:00003548       @NewAnsiString
 0001:00003B04       @NewWideString
 0001:00002268       @Pow10
 0001:00001D80       @PStrCmp
 0001:00001D58       @PStrCpy
 0001:00001D28       @PStrNCat
 0001:00001D64       @PStrNCpy
 0001:00002F0C       @RaiseAgain
 0001:00002EE4       @RaiseExcept
 0001:00002014       @RandExt
 0001:00001FF8       @RandInt
 0001:00001784       @ReallocMem
 0001:00001A0C       @RewritText
 0001:00001968       @ROUND
 0001:00003478       @RunError
 0001:0000224C       @SetEq
 0001:00001958       @SIN
 0001:000031F0       @StartExe
 0001:00000338       @strlen
 0001:00001974       @TRUNC
 0001:00002F90       @TryFinallyExit
 0001:0000398C       @UniqueStringA
 0001:000045C4       @ValInt64
 0001:0000203C       @ValLong
 0001:00004304       @VarClear
 0001:000043BC       @VarClr
 0001:000043B0       @VarCmpEQ
 0001:0000430C       @VarCopy
 0001:00004378       @VarFromBool
 0001:00004388       @VarFromCurr
 0001:000043A8       @VarFromDisp
 0001:0000435C       @VarFromInt
 0001:00004364       @VarFromInt64
 0001:000043A0       @VarFromIntf
 0001:00004390       @VarFromLStr
 0001:00004380       @VarFromReal
 0001:00004398       @VarFromWStr
 0001:00004324       @VarToBool
 0001:00004334       @VarToCurr
 0001:00004354       @VarToDisp
 0001:00004314       @VarToInt
 0001:0000431C       @VarToInt64
 0001:0000434C       @VarToIntf
 0001:0000433C       @VarToLStr
 0001:0000432C       @VarToReal
 0001:00004344       @VarToWStr
 0001:0000214C       @WriteBytes
 0001:00003ADC       @WriteLString
 0001:000021A0       @WriteSpaces
 0001:00003B44       @WStrArrayClr
 0001:00003B68       @WStrAsg
 0001:00003CA4       @WStrCat
 0001:00003B2C       @WStrClr
 0001:00003D04       @WStrCmp
 0001:00003D88       @WStrCopy
 0001:00003C78       @WStrFromLStr
 0001:00003B8C       @WStrFromPCharLen
 0001:00003C3C       @WStrFromPWChar
 0001:00003C18       @WStrFromPWCharLen
 0001:00003C98       @WStrLen
 0001:00003DD4       @WStrSetLength
 0001:00003C88       @WStrToPWChar
 0001:00002228       @_CLenToPasStr
 0001:0000221C       @_CToPasStr
 0001:000018AC       @_IOTest
 0001:000043F0       @_lldiv
 0001:000044B8       @_llmod
 0001:000043CC       @_llmul
 0001:00004584       @_llshl
 0001:0000446C       @_lludiv
 0001:00004534       @_llumod
 0001:000045A4       @_llushr
 0001:00035510       AbsMin
 0001:000093D4       AbstractErrorHandler
 0002:00002028       AbstractErrorProc
 0002:00000100       AccessMode
 0001:00001814       AcquireExceptionObject
 0001:00012598       ActivateClassGroup
 0001:00005D44       ActivateKeyboardLayout
 0002:00002BA8       ActiveDrag
 0001:000101DC       ActiveX
 0001:0004452C       ActnList
 0001:0000045C       AddBlockAfter
 0002:00000464       AddDataModule
 0001:00007420       AddExitProc
 0001:00015C74       AddFinished
 0001:00047B30       AddIn
 0001:00005014       AddModuleUnloadProc
 0001:00005004       AddModuleUnloadProc
 0001:00015CAC       AddNotFinished
 0001:0001F96C       AdjustColor
 0001:0002EA94       AdjustColors
 0001:0004F244       Adjustment
 0001:00005D4C       AdjustWindowRectEx
 0002:0000088C       Alignments
 0002:00000B8C       Alignments
 0002:000007EC       Alignments
 0002:00000B9C       Alignments
 0002:00000DC8       AlignStyles
 0001:0003AB54       AlignWork
 0001:00056098       AlignWork
 0001:0001B978       AllocateHWnd
 0001:000307F8       AllocFilterStr
 0001:000073D4       AllocMem
 0002:000025B0       AllocMemCount
 0002:000025B4       AllocMemSize
 0001:00024E18       AllocPatternBitmap
 0001:0000577C       AllocTlsBuffer
 0001:000191BC       AncestorValid
 0002:00000978       AnchorAlign
 0002:0000096C       AnimateWindowProc
 0002:00000A74       AnimationStyle
 0001:00007600       AnsiCompareStr
 0001:00007638       AnsiCompareText
 0001:00007940       AnsiLastChar
 0001:00005D54       AnsiLower
 0001:000075CC       AnsiLowerCase
 0001:00009A34       AnsiLowerCaseFileName
 0001:000099FC       AnsiPos
 0001:0004C208       AnsiSameCaption
 0001:00007670       AnsiSameText
 0001:00007688       AnsiStrLIComp
 0001:00009AC0       AnsiStrPos
 0001:00009B60       AnsiStrRScan
 0001:00009B88       AnsiStrScan
 0001:000055EC       AnsiToUtf8
 0001:00007598       AnsiUpperCase
 0001:0000B8B8       AnyChangeType
 0001:0000CCB0       AnyOp
 0001:0000C2E4       AnyToIntf
 0002:00002C04       Application
 0002:00000474       ApplicationHandleException
 0002:0000047C       ApplicationShowException
 0002:00000CD0       AppVisible
 0002:00000E08       ArrowKey
 0001:000093B8       AssertErrorHandler
 0002:00002020       AssertErrorProc
 0001:0000F874       AssignLongStr
 0001:0000FEF0       AssignVariant
 0002:00002604       avail
 0001:00007A40       BackfillGetDiskFreeSpaceEx
 0001:0003808C       BackgroundClipped
 0002:000003C8       BaseTypeMap
 0001:0001296C       BeginGlobalLoading
 0001:00005D5C       BeginPaint
 0001:0001F978       BetterSize
 0001:00048908       BiDiDraw
 0001:00005AFC       BitBlt
 0002:00000D0C       BitBtnCaptions
 0002:00002C40       BitBtnGlyphs
 0002:00000D38       BitBtnModalResults
 0002:00000CE0       BitBtnResNames
 0002:00000794       BitmapCanvasList
 0002:00002A44       BitmapImageLock
 0001:00070C9C       BlankStr
 0002:000004C8       BlockCode
 0002:000025DC       blockDescBlockList
 0002:000025E0       blockDescFreeList
 0002:00000458       BooleanIdents
 0002:000007E4       BorderStyles
 0002:00000884       BorderStyles
 0002:00000C18       BorderStyles
 0001:000118D0       Bounds
 0001:000058C0       Bounds
 0002:00000B34       Breaks
 0002:00002A7C       BrushManager
 0001:00069A08       Build
 0001:0004B018       BuildImage
 0002:00000940       ButtonCaptions
 0002:00000D68       ButtonCount
 0002:00000914       ButtonNames
 0002:00000BB0       Buttons
 0001:00060DE8       Buttons
 0002:00000828       ButtonStyles
 0001:0001F158       BytesPerScanline
 0001:0001F4B0       ByteSwapColors
 0001:000098EC       ByteType
 0001:00009874       ByteTypeTest
 0001:0006BDD4       CalcAxis
 0001:0006CAFC       CalcAxis
 0001:0006C018       CalcAxisState
 0001:0006BE60       CalcFixedAxis
 0001:0001B8B4       CalcJmpOffset
 0001:0006BF74       CalcMaxCell
 0001:0006DF30       CalcPageExtents
 0001:0006D82C       CalcScroll
 0001:0006CE94       CalcScrollBar
 0001:0006DB90       CalcSizeInfo
 0001:000425AC       CalcSplitterPos
 0001:00005D64       CallNextHookEx
 0001:0000A254       CallTerminateProcs
 0001:00005D6C       CallWindowProc
 0001:00036530       CancelDrag
 0002:00002BBC       CanvasList
 0002:00002A80       CanvasList
 0002:00000900       Captions
 0002:00000A30       CaptureControl
 0001:00069FDC       CaretPos
 0002:00000AD4       cBooleanToItemAutoFlag
 0002:00000438       CBooleanToRelationship
 0001:00030108       CenterWindow
 0002:00002B4A       CF_COMPONENT
 0002:00002B48       CF_PICTURE
 0002:0000286C       ChangeAnyProc
 0001:00034AE8       ChangeBiDiModeAlignment
 0001:0000B920       ChangeSourceAny
 0002:0000080C       CharCases
 0001:000035A4       CharFromWChar
 0001:00009948       CharLength
 0001:00005D74       CharLowerBuff
 0001:000002B0       CharNext
 0001:00005D7C       CharNext
 0001:0001D830       CharsetToIdent
 0001:00005D84       CharUpperBuff
 0001:0001FF40       CheckBool
 0001:00002B74       CheckJmp
 0001:00005D8C       CheckMenuItem
 0002:00000B24       Checks
 0001:0001A70C       CheckSynchronize
 0001:0004EC80       CheckTaskWindow
 0001:0000CD3C       CheckType
 0001:0000D8F8       CheckType
 0001:000361E4       CheckUndock
 0002:00000434       CInvalidCustomVariantType
 0002:00000AD8       cItemAutoFlagToBoolean
 0002:00000AD0       cItemAutoFlagToMenu
 0001:0001BAFC       Classes
 0001:0001235C       ClassNotFound
 0002:00002868       ClearAnyProc
 0001:0001D100       ClearColor
 0001:00070A44       ClearItem
 0001:0000EBEC       ClearVariantTypeList
 0001:00005D94       ClientToScreen
 0001:0003FB50       ClientToWindow
 0001:00031644       Clipboard
 0002:0000078C       ClipboardFormats
 0001:000316FC       Clipbrd
 0001:00005D9C       CloseClipboard
 0001:0000592C       CloseHandle
 0001:00000250       CloseHandle
 0002:0000203C       CmdLine
 0002:00002038       CmdShow
 0002:00000ACC       cMenuAutoFlagToItem
 0001:00012C28       CollectionsEqual
 0002:00000524       Colors
 0001:0001D628       ColorToIdent
 0001:0001D618       ColorToRGB
 0002:00002A94       ComCtl32DLL
 0001:0006477C       ComCtrls
 0002:00002C00       CommandPool
 0001:000254B0       CommCtrl
 0001:0002D074       CommDlg
 0001:0000073C       Commit
 0002:00002620       committedRoot
 0001:00069D74       CompareExtents
 0001:00047114       CompareFront
 0001:00007500       CompareMem
 0001:000074D0       CompareStr
 0001:00005934       CompareString
 0001:00007520       CompareText
 0001:00016694       ComponentCreated
 0001:0001FD10       ComputeAldusChecksum
 0001:0005DB14       ComStrs
 0001:000597F4       Constants
 0001:0001BE78       Consts
 0001:00025318       Contnrs
 0002:00002B7A       ControlAtom
 0002:00002B80       ControlAtomString
 0001:00053A10       ControlHasHelp
 0001:0004324C       Controls
 0001:00008E28       ConvertAddr
 0001:000073B0       ConvertErrorFmt
 0001:000047F8       CopyArray
 0001:000223A4       CopyBitmap
 0001:00022A6C       CopyBitmapAsMask
 0001:00005B04       CopyEnhMetaFile
 0001:00060C08       CopyImage
 0001:00060370       CopyImage
 0001:00022A08       CopyPalette
 0001:0004A0C4       CopyToBest
 0002:00002A5C       CounterLock
 0001:00070824       CountItem
 0001:000092FC       CreateAssertException
 0001:00009484       CreateAVObject
 0001:00005B0C       CreateBitmap
 0001:00005B14       CreateBrushIndirect
 0001:00005B1C       CreateCompatibleBitmap
 0001:00005B24       CreateCompatibleDC
 0001:00016714       CreateComponent
 0001:00005B34       CreateDIBitmap
 0001:00005B2C       CreateDIBSection
 0001:0000593C       CreateEvent
 0001:00005944       CreateFile
 0001:00000258       CreateFileA
 0001:00005B3C       CreateFontIndirect
 0001:00005B44       CreateHalftonePalette
 0001:00005DA4       CreateIcon
 0001:00009228       CreateInOutError
 0001:00005DAC       CreateMenu
 0001:00005B4C       CreatePalette
 0001:00005B54       CreatePenIndirect
 0001:00005DB4       CreatePopupMenu
 0001:00005B5C       CreateSolidBrush
 0001:0001F508       CreateSystemPalette
 0001:0000594C       CreateThread
 0001:0000634C       CreateWindow
 0001:00005DBC       CreateWindowEx
 0002:00000970       CreationControl
 0002:0000089C       CreationControl
 0002:00000444       CRelationshipToBoolean
 0002:00000874       CSHREDRAW
 0002:000000F8       cSimpleBoolStrs
 0002:00000A6C       Ctl3DStyles
 0001:00069FA8       Ctrl
 0002:00002618       curAlloc
 0002:00002738       CurrencyDecimals
 0002:00002734       CurrencyFormat
 0002:00002730       CurrencyString
 0002:00000C54       CursorMap
 0002:00000980       Cursors
 0001:00034DE4       CursorToIdent
 0002:00000C44       cUseAlpha
 0002:00000C4C       cUseColorKey
 0002:000002C0       CVarTypeToElementInfo
 0001:00074734       CyberLife
 0002:0000087C       Data
 0002:00002739       DateSeparator
 0002:00000134       DCon10
 0002:00000520       DDBsOnly
 0001:0001BA2C       DeallocateHWnd
 0002:00000018       DebugHook
 0002:00002737       DecimalSeparator
 0001:0000E510       DecIndices
 0001:000007D0       Decommit
 0001:00000DEC       DecommitFree
 0002:000025F4       decommittedRoot
 0001:00056C5C       Default
 0001:00051764       Default
 0002:00000010       Default8087CW
 0002:00000DFC       DefaultBlank
 0002:00000974       DefaultDockTreeClass
 0002:00000024       DefaultTextLineBreakStyle
 0002:0000075C       DefBrushData
 0002:000004F4       DefFontData
 0001:00005DC4       DefFrameProc
 0002:000001B4       DefLongDayNames
 0002:00000168       DefLongMonthNames
 0001:00005DCC       DefMDIChildProc
 0002:0000073C       DefPenData
 0002:00000198       DefShortDayNames
 0002:00000138       DefShortMonthNames
 0001:00005DD4       DefWindowProc
 0001:00004B58       DelayLoadResourceModule
 0001:0000048C       DeleteBlock
 0001:000003FC       DeleteCriticalSection
 0001:00005954       DeleteCriticalSection
 0001:00005B64       DeleteDC
 0001:00005B6C       DeleteEnhMetaFile
 0001:00000C34       DeleteFree
 0001:00005DDC       DeleteMenu
 0001:00005B74       DeleteObject
 0001:00021F60       DeselectBitmap
 0001:00005DE4       DestroyCursor
 0001:00005DEC       DestroyIcon
 0001:00060D18       DestroyLocals
 0001:00005DF4       DestroyMenu
 0001:00005DFC       DestroyWindow
 0001:000703E0       Detector
 0001:000322B0       DialogEnumerationTester
 0001:000301BC       DialogHook
 0001:000310C0       Dialogs
 0002:00000798       DIBPalSizes
 0002:00000088       dig
 0001:0004EAD4       DisableTaskWindows
 0001:00005E04       DispatchMessage
 0001:00054C78       DispatchShortCut
 0002:00002000       DispCallByIDProc
 0001:0006FF74       DisposeStrItem
 0001:0002F98C       Dlgs
 0001:0003A9E4       DoAlign
 0001:00055F4C       DoAlign
 0001:0006BC6C       DoCalc
 0001:0003E984       DoCalcConstraints
 0001:0006BCD4       DoCalcRightToLeft
 0001:0006C45C       DoChange
 0002:00002BB0       DockSiteList
 0001:0004ACE4       DoClick
 0001:0006AE44       DoColWidths
 0001:0003C06C       DoControlMsg
 0001:0004EA84       DoDisableWindow
 0001:00035B10       DoDragOver
 0001:000073F4       DoExitProc
 0001:00040880       DoFindControlZone
 0001:0004EBC0       DoFindWindow
 0001:00040E0C       DoFindZone
 0001:00040904       DoForEach
 0001:00042210       DoGetNextLimit
 0001:0004EA4C       DoneApplication
 0001:00042F74       DoneControls
 0001:000097B0       DoneExceptions
 0001:0005306C       DoNestedActivation
 0001:0003A5B8       DoPosition
 0001:00055D9C       DoPosition
 0001:00041838       DoPrune
 0001:0002E480       DoRect
 0001:0006AE88       DoRowHeights
 0001:00041D10       DoSaveZone
 0001:00041F14       DoSetNewBounds
 0001:0006A8EC       DoSizeAdjust
 0002:00000460       DotSep
 0001:0006DAFC       DoUpdate
 0002:00000D6C       DownStyles
 0001:00013DEC       DoWrite
 0001:000459BC       DoWrite
 0001:00020198       DoWrite
 0001:000210B0       DoWrite
 0001:0003B6DC       DoWriteDesignSize
 0001:00039190       DoWriteIsControl
 0002:00002B94       DragCapture
 0002:00002B88       DragControl
 0001:00036258       DragDone
 0001:00035AC0       DragFindTarget
 0001:00035A94       DragFindWindow
 0002:00002BAC       DragImageList
 0001:00035EB0       DragInit
 0001:00036020       DragInitControl
 0002:00002B90       DragInternalObject
 0001:000359F4       DragMessage
 0002:00002B8C       DragObject
 0002:00002BB8       DragSave
 0002:00002BA0       DragSaveCursor
 0002:00002B98       DragStartPos
 0002:00002BA4       DragThreshold
 0001:00035BE0       DragTo
 0001:00056C98       DrawAppIcon
 0001:0006B1C4       DrawAxisLines
 0001:0006B43C       DrawCells
 0001:000413A4       DrawCloseButton
 0001:00005E0C       DrawEdge
 0001:00005E14       DrawFocusRect
 0001:00005E1C       DrawFrameControl
 0001:000413FC       DrawGrabberLine
 0001:00005E24       DrawIcon
 0001:00005E2C       DrawIconEx
 0002:00000AA8       DrawingStyles
 0001:0006B3AC       DrawLines
 0001:00005E34       DrawMenuBar
 0001:0004C024       DrawMenuItem
 0001:00005E3C       DrawText
 0001:0001EFD8       DupBits
 0001:0000E4BC       DynArrayBounds
 0001:00004810       DynArrayClear
 0001:0000E434       DynArrayDim
 0001:0000E418       DynArrayElTypeInfo
 0001:0000E910       DynArrayFromVariant
 0001:0000E3D8       DynArrayIndex
 0001:00004818       DynArraySetLength
 0001:0000E44C       DynArraySize
 0001:0000E5FC       DynArrayToVariant
 0001:0000E57C       DynArrayVariantBounds
 0001:0000E5D4       DynArrayVarType
 0002:00000B94       EdgeStyle
 0002:00000A5C       EdgeStyles
 0001:000091FC       EHeapException.FreeInstance
 0001:00005B7C       Ellipse
 0001:00005E44       EmptyClipboard
 0002:00002854       EmptyParam
 0002:000000B0       EmptyStr
 0002:000000B4       EmptyWideStr
 0001:00005E4C       EnableMenuItem
 0002:00000B2C       Enables
 0001:00005E54       EnableScrollBar
 0001:0004EB88       EnableTaskWindows
 0001:00005E5C       EnableWindow
 0001:000129F4       EndGlobalLoading
 0001:00005E64       EndPaint
 0001:0000595C       EnterCriticalSection
 0001:000003EC       EnterCriticalSection
 0001:00005964       EnumCalendarInfoA
 0001:00005E6C       EnumClipboardFormats
 0002:00002AB8       EnumDisplayMonitors
 0001:00008A9C       EnumEraNames
 0001:00008AD8       EnumEraYearOffsets
 0001:00051C60       EnumMonitorsProc
 0001:00005E74       EnumThreadWindows
 0001:00005E7C       EnumWindows
 0001:00005E84       EqualRect
 0002:00002800       EraNames
 0002:0000281C       EraYearOffsets
 0002:00000080       errCaption
 0001:00015800       Error
 0001:000018A0       Error
 0001:00046E64       Error
 0001:00011F20       Error
 0002:00000004       ErrorAddr
 0001:00001854       ErrorAt
 0001:000092A8       ErrorHandler
 0002:000001D0       ErrorMap
 0002:00002008       ErrorProc
 0002:000023E4       ErrOutput
 0001:000017F4       ExceptAddr
 0002:0000200C       ExceptClsProc
 0001:0000971C       ExceptHandler
 0001:00009070       Exception.Create
 0001:000090AC       Exception.CreateFmt
 0001:0000912C       Exception.CreateRes
 0001:00009168       Exception.CreateResFmt
 0002:0000201C       ExceptionClass
 0001:00008E34       ExceptionErrorMessage
 0002:00000208       ExceptMap
 0001:000017D4       ExceptObject
 0002:00002010       ExceptObjProc
 0002:00002004       ExceptProc
 0001:00005B84       ExcludeClipRect
 0002:00000000       ExitCode
 0001:000032D8       ExitDll
 0002:00002044       ExitProc
 0001:000002B8       ExitProcess
 0002:00002024       ExitProcessProc
 0002:000000F4       ExitProcList
 0001:00070144       ExpandDir
 0001:00030494       ExplorerHook
 0001:00060FB4       ExtActns
 0001:00005B8C       ExtCreatePen
 0001:0002F938       ExtCtrls
 0001:00060E40       ExtDlgs
 0002:00000854       ExtendSelects
 0001:000079F8       ExtractFileExt
 0001:000079C0       ExtractFileName
 0001:00030B0C       ExtractFileName
 0001:00030B54       ExtractFileNames
 0001:00005B94       ExtTextOut
 0001:0000CCAC       Failure
 0002:0000283C       FalseBoolStrs
 0002:00002B50       FClipboard
 0002:00000128       FCon1E18
 0001:00007938       FileClose
 0001:0000787C       FileCreate
 0001:000078A0       FileCreate
 0002:00000790       FileFormats
 0002:0000000C       FileMode
 0001:00001A54       FileNOPProc
 0001:00007820       FileOpen
 0001:000078A8       FileRead
 0002:0000048C       FilerSignature
 0001:00007900       FileSeek
 0001:000078D4       FileWrite
 0001:00000D1C       FillAfterGap
 0001:00000CC8       FillBeforeGap
 0001:0006B170       FillDWord
 0001:00000DB4       FillerSizeAfterGap
 0001:00000D44       FillerSizeBeforeGap
 0001:00005E8C       FillRect
 0002:00000D74       FillStyles
 0001:000597C4       Finalization
 0001:0000F028       Finalization
 0001:00010154       Finalization
 0001:000744F4       Finalization
 0001:00024E50       Finalization
 0001:00025030       Finalization
 0001:000252E8       Finalization
 0001:00025480       Finalization
 0001:0005D9FC       Finalization
 0001:00025C00       Finalization
 0001:00025C40       Finalization
 0001:0005DA34       Finalization
 0001:0005DA6C       Finalization
 0001:00026CA4       Finalization
 0001:00026CF0       Finalization
 0001:0005DAE4       Finalization
 0001:000744BC       Finalization
 0001:00073A60       Finalization
 0001:00026D28       Finalization
 0001:00073264       Finalization
 0001:00073070       Finalization
 0001:000101AC       Finalization
 0001:000714A8       Finalization
 0001:000058DC       Finalization
 0001:00031064       Finalization
 0001:000324E0       Finalization
 0001:00068304       Finalization
 0001:00066200       Finalization
 0001:000657E8       Finalization
 0001:0004C304       Finalization
 0001:0002F95C       Finalization
 0001:00060DB0       Finalization
 0001:00064704       Finalization
 0001:00060E10       Finalization
 0001:0002F908       Finalization
 0001:00060FBC       Finalization
 0001:00060E60       Finalization
 0001:00060EC8       Finalization
 0001:0002D044       Finalization
 0001:0000AFF4       Finalization
 0001:0002CFFC       Finalization
 0001:0002CFC4       Finalization
 0001:0002CF8C       Finalization
 0001:000431E4       Finalization
 0001:0002CF54       Finalization
 0001:000444FC       Finalization
 0001:0002704C       Finalization
 0001:00060F2C       Finalization
 0001:00060F84       Finalization
 0001:00031754       Finalization
 0001:00006478       Finalization
 0001:000318BC       Finalization
 0001:0000AD94       Finalization
 0001:000064B0       Finalization
 0001:0002CF1C       Finalization
 0001:00005864       Finalization
 0001:00006778       Finalization
 0001:0001BA54       Finalization
 0001:00045F00       Finalization
 0001:0001BE48       Finalization
 0001:0002CEE4       Finalization
 0001:0005978C       Finalization
 0001:000316C0       Finalization
 0001:00005694       Finalization
 0001:0000F3A8       Finalization
 0001:00058E38       Finalization
 0001:00004808       FinalizeArray
 0001:00003130       FinalizeUnits
 0001:0004AAA4       Find
 0001:0001892C       FindAncestor
 0001:00004BC8       FindBS
 0001:0001241C       FindClass
 0001:00004B50       FindClassHInstance
 0001:000002C8       FindClose
 0001:00000C98       FindCommitted
 0001:00034BE4       FindControl
 0001:00041038       FindControlAtPos
 0001:0000EF2C       FindCustomVariantType
 0001:0000EE8C       FindCustomVariantType
 0001:0003657C       FindDragTarget
 0001:000168C4       FindExistingComponent
 0001:000002D0       FindFirstFile
 0001:00012884       FindGlobalComponent
 0001:0004ECCC       FindGlobalComponent
 0002:000029F8       FindGlobalComponentProcs
 0001:00004B28       FindHInstance
 0001:0001272C       FindIdentToInt
 0001:000126B0       FindIntToIdent
 0002:00002B44       FindMsg
 0001:00015BAC       FindNestedComponent
 0001:00046E2C       FindPopupControl
 0001:0000596C       FindResource
 0001:00004BA0       FindResourceHInstance
 0001:00058710       FindScanline
 0001:0002CB58       FindString
 0001:0004EC24       FindTopMostWindow
 0001:000176F4       FindUniqueName
 0001:00036548       FindVCLWindow
 0001:00005E94       FindWindow
 0001:00032308       FindWinHelp
 0001:00022358       FixupBitFields
 0002:00000BA4       Flags
 0002:0000284C       FLanguages
 0001:0002707C       FlatSB
 0002:00002AE4       FlatSB_EnableScrollBar
 0002:00002AF0       FlatSB_GetScrollInfo
 0002:00002AF4       FlatSB_GetScrollPos
 0002:00002AEC       FlatSB_GetScrollRange
 0002:00002AFC       FlatSB_SetScrollInfo
 0002:00002AF8       FlatSB_SetScrollPos
 0001:00026D6C       FlatSB_SetScrollProp
 0002:00002B00       FlatSB_SetScrollRange
 0002:00002AE8       FlatSB_ShowScrollBar
 0001:00008618       FloatToDecimal
 0001:00008844       FloatToStrF
 0001:00008340       FloatToText
 0001:00001CB8       Flush
 0001:0000823C       FmtStr
 0002:00000BBC       FocusCount
 0002:00000BB8       FocusMessages
 0002:000006AC       FontCharsets
 0002:00002A74       FontManager
 0002:00000898       ForceCurrentDirectory
 0001:0004ECA0       ForegroundTask
 0001:00008228       Format
 0001:00007D94       FormatBuf
 0001:00007D88       FormatClearStr
 0001:00007D1C       FormatError
 0002:00000120       FormatErrorStrs
 0001:00005974       FormatMessage
 0001:00007D74       FormatVarToStr
 0001:00058E94       Forms
 0001:00069F8C       ForwardMovement
 0001:00002260       FPower10
 0002:000007E0       FPrinter
 0001:0002E544       Frame3D
 0001:00005E9C       FrameRect
 0001:0000A974       FreeAndNil
 0001:00000A04       FreeCommitted
 0001:00000F24       FreeCurAlloc
 0001:0003663C       FreeDeviceContext
 0001:000366F8       FreeDeviceContexts
 0001:0001B820       FreeIntConstList
 0001:00070F10       FreeItem
 0001:0000597C       FreeLibrary
 0001:000002D8       FreeLibrary
 0001:00021EB4       FreeMemoryContexts
 0001:0001B954       FreeObjectInstance
 0001:00005984       FreeResource
 0001:00000684       FreeSpace
 0001:0000A270       FreeTerminateProcs
 0002:00002C8C       FRichEditModule
 0001:00065818       Gauges
 0001:0001EFC8       GDICheck
 0001:0001EF20       GDIError
 0001:0000598C       GetACP
 0001:00005EA4       GetActiveWindow
 0001:00056428       GetAnimation
 0001:0005E790       GetBitBtnGlyph
 0001:00005B9C       GetBitmapBits
 0001:00000404       GetBlockDesc
 0001:00005BA4       GetBrushOrgEx
 0001:00005EAC       GetCapture
 0001:00034E8C       GetCaptureControl
 0001:00005EB4       GetCaretPos
 0001:000123C8       GetClass
 0001:00005EBC       GetClassInfo
 0001:00005EC4       GetClassName
 0001:00005ECC       GetClientRect
 0001:00005ED4       GetClipboardData
 0001:00020A38       GetClipboardFormats
 0001:00005BAC       GetClipBox
 0001:000003A0       GetCmdShow
 0001:0004474C       GetColor
 0001:000002E0       GetCommandLine
 0001:00000850       GetCommitted
 0001:000008E0       GetCommittedAt
 0001:00019774       GetComponentValue
 0001:0003BC20       GetControlAtPos
 0001:00005994       GetCPInfo
 0001:00005BB4       GetCurrentPositionEx
 0001:0000599C       GetCurrentProcessId
 0001:00000398       GetCurrentThreadId
 0001:000059A4       GetCurrentThreadId
 0001:000062C0       GetCurrentTime
 0001:00005EDC       GetCursor
 0001:00058720       GetCursorHeightMargin
 0001:00005EE4       GetCursorPos
 0001:00005EEC       GetDC
 0001:00005EF4       GetDCEx
 0001:00005BBC       GetDCOrgEx
 0001:00024A60       GetDefFontCharSet
 0001:0001373C       GetDesigner
 0001:00005EFC       GetDesktopWindow
 0001:00005BD4       GetDeviceCaps
 0001:0001FF28       GetDIB
 0001:00005BC4       GetDIBColorTable
 0001:00005BCC       GetDIBits
 0001:0001FE70       GetDIBSizes
 0001:0001F138       GetDInColors
 0001:000059AC       GetDiskFreeSpaceA
 0002:000000F0       GetDiskFreeSpaceEx
 0001:00005F04       GetDlgItem
 0001:000422F0       GetDockAlign
 0001:00035838       GetDockSiteAtPos
 0001:00005F0C       GetDoubleClickTime
 0001:00035B4C       GetDropCtl
 0001:000028E4       GetDynaMethod
 0001:00005BDC       GetEnhMetaFileBits
 0001:00005BE4       GetEnhMetaFileHeader
 0001:00005BEC       GetEnhMetaFilePaletteEntries
 0001:0000F418       GetEnumName
 0001:0000F50C       GetEnumNameValue
 0001:0000F558       GetEnumValue
 0001:00008B50       GetEraNamesAndYearOffsets
 0001:0000946C       GetExceptionClass
 0001:00009650       GetExceptionObject
 0001:00012350       GetFieldClassTable
 0001:00020A18       GetFileFormats
 0001:00000268       GetFileSize
 0001:00000260       GetFileType
 0001:0000FBE0       GetFloatProp
 0001:00005F14       GetFocus
 0001:0001D850       GetFontData
 0001:00005F1C       GetForegroundWindow
 0001:00009E28       GetFormatSettings
 0001:0001CDFC       GetHashCode
 0001:00053A48       GetHelpInfo
 0001:000260D4       GetHelpSystem
 0001:0005620C       GetHint
 0001:00056244       GetHintControl
 0001:0004C1A4       GetHotkey
 0001:00005F24       GetIconInfo
 0001:0000FFFC       GetInt64Prop
 0001:00010060       GetInterfaceProp
 0001:00005F3C       GetKeyboardLayout
 0001:00005F44       GetKeyboardLayoutList
 0001:00005F4C       GetKeyboardState
 0001:00002548       GetKeyboardType
 0001:00005F2C       GetKeyNameText
 0001:00005F34       GetKeyState
 0001:00005F54       GetLastActivePopup
 0001:000405B8       GetLastChildZone
 0001:000059B4       GetLastError
 0001:000002E8       GetLastError
 0001:00008914       GetLocaleChar
 0001:000059BC       GetLocaleInfo
 0001:000002F0       GetLocaleInfo
 0001:000088C8       GetLocaleStr
 0001:00034E48       GetLongHint
 0001:0000F888       GetLongStrProp
 0001:00005F5C       GetMenu
 0001:000539D0       GetMenuHelpContext
 0001:00005F64       GetMenuItemCount
 0001:00005F6C       GetMenuItemID
 0001:00005F74       GetMenuItemInfo
 0001:000492F0       GetMenuSize
 0001:00005F7C       GetMenuState
 0001:00005F84       GetMenuString
 0001:00005F8C       GetMessageTime
 0001:0000FF84       GetMethodProp
 0001:000059C4       GetModuleFileName
 0001:000002F8       GetModuleFileName
 0001:00000300       GetModuleHandle
 0001:000059CC       GetModuleHandle
 0001:0000575C       GetModuleHandle
 0002:00002AAC       GetMonitorInfo
 0002:00002AB0       GetMonitorInfoA
 0002:00002AB4       GetMonitorInfoW
 0001:00008978       GetMonthDayNames
 0001:00005F94       GetNextWindow
 0001:00005BF4       GetObject
 0001:0002D034       GetOpenFileName
 0001:0000F6B0       GetOrdProp
 0001:00005BFC       GetPaletteEntries
 0001:00005F9C       GetParent
 0001:0004EE98       GetParentForm
 0001:00005C04       GetPixel
 0001:00000308       GetProcAddress
 0001:000059D4       GetProcAddress
 0001:00005FA4       GetProp
 0001:0000F5BC       GetPropInfo
 0001:0000F62C       GetPropInfos
 0001:0004F358       GetRealScrollPosition
 0001:0004472C       GetRGBColor
 0001:0002D03C       GetSaveFileName
 0001:00005FAC       GetScrollInfo
 0001:00005FB4       GetScrollPos
 0001:00005FBC       GetScrollRange
 0001:00034E04       GetShortHint
 0001:0000F780       GetShortStrProp
 0001:0000F818       GetShortStrPropAsLongStr
 0001:000005A8       GetSpace
 0001:0000060C       GetSpaceAt
 0001:00046EBC       GetSpecialName
 0001:00000310       GetStartupInfo
 0001:000059DC       GetStdHandle
 0001:00000270       GetStdHandle
 0001:00005C0C       GetStockObject
 0001:000059E4       GetStringTypeEx
 0001:0000F9B8       GetStrProp
 0001:00005FC4       GetSubMenu
 0001:00005FCC       GetSysColor
 0001:000059EC       GetSystemInfo
 0001:00005FD4       GetSystemMenu
 0001:00005FDC       GetSystemMetrics
 0002:00002A9C       GetSystemMetrics
 0001:00005C14       GetSystemPaletteEntries
 0001:00005C1C       GetTextExtentPoint32
 0001:00005C24       GetTextMetrics
 0001:00000318       GetThreadLocale
 0001:000059F4       GetThreadLocale
 0001:000059FC       GetTickCount
 0001:00005788       GetTlsSize
 0001:000569CC       GetTopMostWindows
 0001:00034F94       GetTopParent
 0001:00005FE4       GetTopWindow
 0001:0000F40C       GetTypeData
 0001:0000E044       GetVarArray
 0001:0000DEF8       GetVarDataArrayInfo
 0001:000042DC       GetVariantManager
 0001:0000FF04       GetVariantProp
 0001:00005A04       GetVersion
 0001:00005A0C       GetVersionEx
 0001:0000FA24       GetWideStrProp
 0001:0000F908       GetWideStrPropAsLongStr
 0001:00005FEC       GetWindow
 0001:00005FF4       GetWindowDC
 0001:00005FFC       GetWindowLong
 0001:00005C34       GetWindowOrgEx
 0001:00006004       GetWindowPlacement
 0001:0000600C       GetWindowRect
 0001:00006014       GetWindowText
 0001:00006024       GetWindowThreadProcessId
 0001:0000601C       GetWindowThreadProcessId
 0001:00005C2C       GetWinMetaFileBits
 0001:00005A14       GlobalAddAtom
 0001:00005A1C       GlobalAlloc
 0001:000062CC       GlobalAllocPtr
 0001:00005A24       GlobalDeleteAtom
 0001:00005A2C       GlobalFindAtom
 0002:000029FC       GlobalFixupList
 0001:00015CF4       GlobalFixupReferences
 0001:00005A34       GlobalFree
 0001:000062F8       GlobalFreePtr
 0001:00005A44       GlobalHandle
 0001:00005A3C       GlobalLock
 0002:000029E4       GlobalNameSpace
 0001:00005A4C       GlobalReAlloc
 0001:000062DC       GlobalReAllocPtr
 0001:00005A54       GlobalUnlock
 0002:00000D64       GlyphCache
 0002:00002924       GOldVariantManager
 0001:00024F24       Graphics
 0001:0006991C       GridRect
 0001:000714D8       Grids
 0001:00012544       GroupDescendentsWith
 0002:00002878       GVariantManager
 0001:00016F8C       HandleException
 0002:00000014       HeapAllocFlags
 0002:000025C0       heapErrorCode
 0002:000025C4       heapLock
 0001:00026CE8       HelpIntfs
 0002:00002AD8       HelpManager
 0002:00002B40       HelpMsg
 0002:00002B68       HelpViewer
 0002:000000EC       HexDisplayPrefix
 0002:00000818       HideSelections
 0001:0004236C       HideZone
 0002:00002714       HInstance
 0002:00002C18       HintDoneEvent
 0001:00056314       HintGetMsgHook
 0002:00002C1C       HintHook
 0001:000562B8       HintMouseThread
 0002:00002C20       HintThread
 0002:00002C14       HintThreadID
 0001:00056264       HintTimerProc
 0002:00000BB4       HintWindowClass
 0001:00056358       HookHintHooks
 0001:00006380       HwndMSWheel
 0002:00000B48       IBreaks
 0002:00000B54       IChecks
 0002:00000B5C       IDefaults
 0001:0001D840       IdentToCharset
 0001:0001D638       IdentToColor
 0001:00034DF4       IdentToCursor
 0001:000127A8       IdentToInt
 0002:00000B64       IEnables
 0001:0004A094       IfHotkeyAvailable
 0001:000253D4       ImageList_Add
 0001:000253F4       ImageList_AddIcon
 0001:00025420       ImageList_BeginDrag
 0001:000253BC       ImageList_Create
 0001:000253C4       ImageList_Destroy
 0001:00025430       ImageList_DragEnter
 0001:00025438       ImageList_DragLeave
 0001:00025440       ImageList_DragMove
 0001:00025450       ImageList_DragShowNolock
 0001:00025400       ImageList_Draw
 0001:00025410       ImageList_DrawEx
 0001:00025428       ImageList_EndDrag
 0001:000253EC       ImageList_GetBkColor
 0001:00025458       ImageList_GetDragImage
 0001:00025470       ImageList_GetIconSize
 0001:000253CC       ImageList_GetImageCount
 0001:00025460       ImageList_Read
 0001:00025418       ImageList_Remove
 0001:00025408       ImageList_Replace
 0001:000253DC       ImageList_ReplaceIcon
 0001:000253E4       ImageList_SetBkColor
 0001:00025448       ImageList_SetDragCursorImage
 0001:00025478       ImageList_SetIconSize
 0001:00025468       ImageList_Write
 0002:00000AB8       Images
 0001:00045F30       ImgList
 0001:00025C70       Imm
 0002:00000A9C       IMM32DLL
 0001:00042F60       Imm32IsIME
 0001:000699BC       Includes
 0001:0000B24C       Increment
 0001:0000602C       InflateRect
 0001:00060EA8       IniFiles
 0001:00000A90       InitAllocator
 0001:000254B8       InitAnApi
 0002:00002AC4       InitApis
 0001:00025328       InitComCtl
 0001:00062260       InitCommonControl
 0001:00025320       InitCommonControls
 0001:00025388       InitCommonControlsEx
 0001:00012A50       InitComponent
 0002:00002630       InitContext
 0001:00042FFC       InitControls
 0001:00024AA4       InitDefFontData
 0001:0000A290       InitDriveSpacePtr
 0001:0000972C       InitExceptions
 0001:00026DC8       InitFlatSB
 0001:00030F10       InitGlobals
 0001:0001FD28       InitializeBitmapInfoHeader
 0001:000003E4       InitializeCriticalSection
 0001:00005A5C       InitializeCriticalSection
 0002:000025BC       initialized
 0001:00026DA0       InitializeFlatSB
 0001:00005814       InitializeModule
 0001:00042C00       InitIMM32
 0001:00012AF8       InitInheritedComponent
 0001:00009C3C       InitLeadBytes
 0001:00025B94       InitMultiMonStubs
 0001:0000981C       InitPlatformId
 0002:00002040       InitProc
 0001:00058DAC       InitProcs
 0001:00024A28       InitScreenLogPixels
 0001:00009CB4       InitSysLocale
 0001:00005790       InitThreadTLS
 0001:00003190       InitUnits
 0001:000042BC       InitVariantManager
 0001:00034AFC       InitWndProc
 0002:00000A3C       InnerStyles
 0002:0000204C       Input
 0001:00055D3C       InsertBefore
 0001:0003A52C       InsertBefore
 0001:00000E9C       InsertFree
 0001:0004A148       InsertHotkeyFarEastFormat
 0001:00006034       InsertMenu
 0001:0000603C       InsertMenuItem
 0002:00002CB4       Inspector
 0002:00002A1C       InstBlockList
 0002:00002A20       InstFreeList
 0001:0000D930       Int64Compare
 0001:0000CF38       Int64Op
 0001:0000D91C       IntCompare
 0002:000029F0       IntConstList
 0002:0000085C       IntegralHeights
 0001:0000A2F8       InterlockedDecrement
 0001:00000390       InterlockedDecrement
 0001:0000A304       InterlockedExchange
 0001:0000A30C       InterlockedExchangeAdd
 0001:00000388       InterlockedIncrement
 0001:0000A2EC       InterlockedIncrement
 0001:00001A94       InternalClose
 0001:0001CD88       InternalDeletePalette
 0001:00001C70       InternalFlush
 0001:00000CF8       InternalFreeMem
 0001:0001FE78       InternalGetDIB
 0001:0001FE0C       InternalGetDIBSizes
 0001:000128E8       InternalReadComponentRes
 0001:00003940       InternalUniqueString
 0001:00005C3C       IntersectClipRect
 0001:00006044       IntersectRect
 0001:0000CE14       IntOp
 0001:000127E8       IntToIdent
 0001:0000770C       IntToStr
 0001:0000773C       IntToStr
 0001:0000604C       InvalidateRect
 0001:0001EEA8       InvalidBitmap
 0001:0001EE90       InvalidGraphic
 0001:0001EEB4       InvalidIcon
 0001:0001EEC0       InvalidMetafile
 0001:00069904       InvalidOp
 0001:0001EE78       InvalidOperation
 0001:000118F8       InvalidPoint
 0002:00002848       InvalidPointer
 0001:0000279C       InvokeImplGetter
 0001:000018DC       IOResult
 0002:00000B84       IOwnerDraw
 0002:00000B6C       IRadios
 0002:00000B7C       IRTL
 0001:0004EE28       IsAccel
 0001:0004B2F8       IsAccelChar
 0001:000355F0       IsBeforeTargetWindow
 0001:00006054       IsCharAlpha
 0001:0000605C       IsCharAlphaNumeric
 0001:00006064       IsChild
 0002:00002048       IsConsole
 0001:00019668       IsDefault
 0001:000198E4       IsDefault
 0001:00019D68       IsDefaultValue
 0001:00019EA0       IsDefaultValue
 0001:0001952C       IsDefaultValue
 0001:00019B74       IsDefaultValue
 0001:000195D0       IsDefaultValue
 0001:000193FC       IsDefaultValue
 0001:000099B8       IsDelimiter
 0001:00035A4C       IsDelphiHandle
 0001:0000606C       IsDialogMessage
 0001:0000E454       IsDynArrayRectangular
 0002:00000B74       ISeparators
 0001:00006074       IsIconic
 0001:0004B354       IsInitialChar
 0001:00067AD0       IsKatakana
 0002:00002034       IsLibrary
 0001:00065E68       IsLiteralChar
 0002:00002049       IsMultiThread
 0001:0004001C       IsOrientationSet
 0001:00009984       IsPathDelimiter
 0001:0000607C       IsRectEmpty
 0001:000357F4       IsSiteChildOfClient
 0001:0000F680       IsStoredProp
 0001:000128C4       IsUniqueGlobalComponentName
 0002:000029E8       IsUniqueGlobalComponentNameProc
 0001:000076A8       IsValidIdent
 0001:00009C9C       IsWesternGroup
 0001:00006084       IsWindow
 0001:0000608C       IsWindowEnabled
 0001:00006094       IsWindowVisible
 0001:0000609C       IsZoomed
 0001:00047288       Iterate
 0001:000472E8       IterateMenus
 0002:0000001C       JITEnable
 0001:0004EDDC       KeyboardStateToShiftState
 0001:0004EDA0       KeyDataToShiftState
 0001:0004ED4C       KeysToShiftState
 0001:000060A4       KillTimer
 0001:00007970       LastDelimiter
 0001:00009BC8       LCIDToCodePage
 0002:000000CC       LeadBytes
 0001:00005A64       LeaveCriticalSection
 0001:000003F4       LeaveCriticalSection
 0001:0006A070       LeftSide
 0002:00000028       LibModuleList
 0001:0006CAA0       LinePos
 0001:00005C44       LineTo
 0001:00060FEC       ListActns
 0001:000365C4       ListAdd
 0001:000365EC       ListRemove
 0002:000027FE       ListSeparator
 0001:000060AC       LoadBitmap
 0001:000060B4       LoadCursor
 0001:000060BC       LoadIcon
 0001:000060C4       LoadKeyboardLayout
 0001:00005A6C       LoadLibrary
 0001:00000320       LoadLibraryEx
 0001:00005A74       LoadResource
 0001:00004D94       LoadResourceModule
 0001:0000563C       LoadResString
 0001:000060CC       LoadString
 0001:00000328       LoadString
 0001:00005764       LocalAlloc
 0001:000003C4       LocalAlloc
 0001:000003CC       LocalFree
 0001:0000893C       LocalGetLocaleStr
 0001:00005A7C       LockResource
 0002:00002740       LongDateFormat
 0002:000027D4       LongDayNames
 0002:00002788       LongMonthNames
 0001:00069DA8       LongMulDiv
 0002:00002754       LongTimeFormat
 0001:00007494       LowerCase
 0001:00005AF4       lstrcpy
 0001:00000330       lstrcpyn
 0002:000029D0       LVarTypes
 0002:000029D4       LVarTypeSync
 0001:00073A90       MainForm
 0002:0000202C       MainInstance
 0002:00002030       MainThreadID
 0001:00000454       MakeEmpty
 0001:0000327C       MakeErrorMessage
 0002:00000A88       MakeLast
 0001:000062B4       MakeLong
 0001:00006344       MakeLParam
 0001:0001B8BC       MakeObjectInstance
 0001:0000630C       MakeROP4
 0001:00070180       MakeSec
 0001:000093EC       MapException
 0001:00060F7C       Mapi
 0002:00000D90       MAPIDLL
 0002:00000D94       MAPIModule
 0001:00002FA8       MapToRunError
 0001:000060D4       MapVirtualKey
 0001:000060DC       MapWindowPoints
 0001:00068334       Mask
 0002:00000AC0       Mask
 0001:00005C4C       MaskBlt
 0001:00065A20       MaskDoFormatText
 0002:00000E00       MaskFieldSeparator
 0001:00065830       MaskGetCharType
 0001:00065984       MaskGetCurrentDirectives
 0001:00065CC0       MaskGetMaskBlank
 0001:00065C3C       MaskGetMaskSave
 0001:00065A00       MaskIntlLiteralToChar
 0002:00000E04       MaskNoSave
 0001:00065DB8       MaskOffsetToOffset
 0001:00065D2C       MaskOffsetToString
 0001:00066230       MaskUtils
 0001:00025060       Math
 0001:0006CDC4       Max
 0001:00025028       Max
 0001:000517B0       MaximizedChildren
 0002:00000030       MemoryManager
 0002:00000ADC       MenuKeyCaps
 0001:0004C374       Menus
 0001:000004A4       MergeBlockAfter
 0001:00000F70       MergeCommit
 0001:000060E4       MessageBeep
 0001:000060EC       MessageBox
 0001:000002C0       MessageBox
 0001:000064E0       Messages
 0001:00013348       Min
 0001:0006CD9C       Min
 0001:00025020       Min
 0001:0006C3F0       MinRedraw
 0001:00039E74       MinVar
 0002:00002ACC       MMAvailable
 0002:00000AA0       ModeMap
 0001:00069C10       ModifyExtents
 0001:0006CFCC       ModifyPixelScrollBar
 0001:000533DC       ModifySystemMenu
 0002:00000098       Module
 0002:00002709       ModuleIsCpp
 0002:00002708       ModuleIsLib
 0001:0001B88C       ModuleUnload
 0002:0000002C       ModuleUnloadList
 0002:00002AA8       MonitorFromPoint
 0002:00002AA4       MonitorFromRect
 0002:00002AA0       MonitorFromWindow
 0002:00002B6C       Mouse
 0001:000018FC       Move
 0001:00070FB0       MoveColData
 0001:00069D1C       MoveExtent
 0001:00005C54       MoveToEx
 0001:0003660C       MoveWindowOrg
 0001:00005A84       MulDiv
 0001:00000340       MultiByteToWideChar
 0002:00000864       MultiColumns
 0001:00025C30       MultiMon
 0002:0000084C       MultiSelects
 0002:00002735       NegCurrFormat
 0001:00000FFC       NewCommit
 0001:00001028       NewCommitAt
 0002:00000D7C       NewState
 0001:0006FF48       NewStrItem
 0002:00002B70       NewStyleControls
 0001:00040000       NextVisibleZone
 0002:00000490       NilMethod
 0002:00000020       NoErrMsg
 0001:00048090       NormalDraw
 0001:00002B60       NotifyAnyExcept
 0001:000137D4       NotifyDesigner
 0001:00002B34       NotifyExcept
 0001:00002B94       NotifyExceptFinally
 0001:000129C4       NotifyGlobalLoading
 0001:00005094       NotifyModuleUnload
 0001:00002B10       NotifyNonDelphiException
 0001:00002B4C       NotifyOnExcept
 0001:00002AF4       NotifyReRaise
 0001:00002BBC       NotifyTerminate
 0001:00002BD8       NotifyUnhandled
 0001:0004ACD4       NthParentOf
 0001:0000F014       Null
 0001:0001989C       ObjectAncestorMatch
 0001:00034BB4       ObjectFromHWnd
 0002:00002CAC       Observatory
 0002:00000820       OEMConverts
 0001:000060F4       OemToAnsi
 0001:000060FC       OffsetRect
 0001:00065E0C       OffsetToMaskOffset
 0001:00004254       OleStrToStrVar
 0001:0000C798       OleVarFromAny
 0001:0000C7FC       OleVarFromVarArrayProc
 0001:00006104       OpenClipboard
 0002:000008A4       OpenOptions
 0002:000008FC       OpenOptionsEx
 0001:000019B4       OpenText
 0002:000003E0       OpTypeMap
 0002:00000A80       OrientArray
 0002:00000A4C       OuterStyles
 0002:00002844       OutOfMemory
 0001:0001EECC       OutOfResources
 0002:00002218       Output
 0001:0001975C       OwnedBy
 0001:00066028       PadInputLiterals
 0001:00065E90       PadSubField
 0001:0006CE40       PageDown
 0001:0006CDE0       PageUp
 0001:0002C6C8       PaintListBox
 0002:000007A0       Pal16
 0001:0001D16C       PaletteChanged
 0001:0001F6B8       PaletteFromDIBColorTable
 0001:0001F75C       PaletteToDIBColorTable
 0002:0000079C       PalSize
 0001:00069F44       ParentEvent
 0001:000403E4       ParentNotLast
 0002:000007FC       Passwords
 0001:00005C5C       PatBlt
 0002:00002A84       PatternManager
 0001:0000610C       PeekMessage
 0002:00002A78       PenManager
 0002:0000076C       PenModes
 0002:0000074C       PenStyles
 0001:00005C64       Pie
 0001:00005C6C       PlayEnhMetaFile
 0001:000058B8       Point
 0001:00011880       Point
 0001:00011CB8       PointerInModule
 0001:00069984       PointInGridRect
 0001:0003B6C8       PointsEqual
 0001:0000632C       PointToSmallPoint
 0001:00005C7C       Polyline
 0001:00005C74       PolyPolyline
 0002:00002BF4       PopupList
 0001:00006114       PostMessage
 0001:0000611C       PostQuitMessage
 0001:00026D64       Printers
 0001:00054A78       ProcessExecute
 0001:0004F058       ProcessHorz
 0001:00054B78       ProcessUpdate
 0001:0004F0C4       ProcessVert
 0002:00002A00       ProcPosted
 0001:00015FF0       PropertyNotFound
 0001:0001708C       PropPathError
 0002:00000BE4       Props
 0001:00015FE4       PropValueError
 0001:00006124       PtInRect
 0001:000699A0       PtInRect
 0001:000082FC       PutExponent
 0002:00002BB4       QualifyingSites
 0001:000093A8       RaiseAssertException
 0001:00000278       RaiseException
 0001:0001506C       RaiseException
 0002:00002014       RaiseExceptionProc
 0001:0000A1A8       RaiseLastOSError
 0002:00000008       RandSeed
 0001:00041154       ReadControlName
 0001:0001828C       ReadCustomVariant
 0001:00015FCC       ReadError
 0001:00000280       ReadFile
 0001:00005A8C       ReadFile
 0001:0001FA08       ReadIcon
 0002:00000804       ReadOnlys
 0001:0000D96C       RealCompare
 0001:00005C84       RealizePalette
 0001:0000CD84       RealOp
 0001:000166B4       Recover
 0001:000118A8       Rect
 0001:0000589C       Rect
 0001:00005C94       Rectangle
 0001:00005C8C       RectVisible
 0001:0000612C       RedrawWindow
 0002:00002870       RefAnyProc
 0001:00000348       RegCloseKey
 0001:00005914       RegCloseKey
 0002:000029F4       RegGroups
 0001:0001243C       RegisterClass
 0001:00006134       RegisterClass
 0001:0000613C       RegisterClipboardFormat
 0001:00035994       RegisterDockSite
 0001:0001282C       RegisterFindGlobalComponentProc
 0001:00012684       RegisterIntegerConsts
 0001:000050F0       RegisterModule
 0001:0002603C       RegisterViewer
 0001:00006144       RegisterWindowMessage
 0001:00060F10       Registry
 0001:00000350       RegOpenKeyEx
 0001:0000591C       RegOpenKeyEx
 0001:00005924       RegQueryValueEx
 0001:00000358       RegQueryValueEx
 0001:0002CF84       RegStr
 0001:0000614C       ReleaseCapture
 0001:00006154       ReleaseDC
 0002:0000003C       reMap
 0002:00002614       remBytes
 0001:00000518       RemoveBlock
 0002:0000046C       RemoveDataModule
 0001:00015E9C       RemoveFixupReferences
 0001:00015F48       RemoveFixups
 0001:00016228       RemoveGlobalFixup
 0001:0000615C       RemoveMenu
 0001:0000500C       RemoveModuleUnloadProc
 0001:00005034       RemoveModuleUnloadProc
 0001:00006164       RemoveProp
 0001:00005A94       ResetEvent
 0001:000014B0       ResizeInPlace
 0001:0006E9B8       ResizeLine
 0001:00005C9C       RestoreDC
 0001:0004E9F8       RestoreFocusState
 0001:0006DF9C       Restrict
 0001:00012E18       ReturnAddr
 0001:00046E5C       ReturnAddr
 0001:00013F4C       ReturnAddr
 0001:0001F438       RGBQuadToTriple
 0001:0001F400       RGBTripleToQuad
 0001:0005DA64       RichEdit
 0001:0006A018       RightSide
 0002:00002B84       RM_GetObjectInstance
 0002:00002C10       RM_TaskbarCreated
 0002:00002610       rover
 0002:00000DF4       RRStyles
 0002:00000D98       RTFConversionFormat
 0002:00000DC0       RTL
 0002:00000DB8       RTL
 0002:00000DB0       RTL
 0001:0000F3D8       RTLConsts
 0001:00000288       RtlUnwind
 0002:00002018       RTLUnwindProc
 0002:00000060       runErrMsg
 0001:00001848       RunErrorAt
 0001:0000AFBC       SafeArrayCreate
 0001:0000AFDC       SafeArrayGetElement
 0001:0000AFCC       SafeArrayGetLBound
 0001:0000AFD4       SafeArrayGetUBound
 0001:0000AFEC       SafeArrayPtrOfIndex
 0001:0000AFE4       SafeArrayPutElement
 0001:0000AFC4       SafeArrayRedim
 0001:0000AA40       SafeLoadLibrary
 0001:00007574       SameText
 0001:00005CA4       SaveDC
 0001:0004E9F0       SaveFocusState
 0002:00002C08       Screen
 0002:00002A30       ScreenLogPixels
 0001:0000616C       ScreenToClient
 0001:0006DB20       ScrollBarVisible
 0001:0004F210       ScrollBarVisible
 0001:00006174       ScrollWindow
 0001:0000617C       ScrollWindowEx
 0001:0000105C       SearchSmallBlocks
 0001:00069FB8       Selection
 0001:00005CAC       SelectObject
 0001:00005CB4       SelectPalette
 0001:00034C20       SendAppMessage
 0001:0004EC60       SendFocusMessage
 0001:00006184       SendMessage
 0001:00069F10       SendToParent
 0002:00000B40       Separators
 0001:0000618C       SetActiveWindow
 0001:00056458       SetAnimation
 0001:0006DC08       SetAxisRange
 0001:00005CBC       SetBkColor
 0001:00005CC4       SetBkMode
 0001:00005CCC       SetBrushOrgEx
 0001:00006194       SetCapture
 0001:00034EB4       SetCaptureControl
 0001:0000619C       SetClassLong
 0001:0000DE68       SetClearVarToEmptyParam
 0001:000061A4       SetClipboardData
 0001:0006228C       SetComCtlStyle
 0001:00016824       SetCompName
 0001:000061AC       SetCursor
 0001:00005CD4       SetDIBColorTable
 0001:00000290       SetEndOfFile
 0001:00005A9C       SetEndOfFile
 0001:00005CDC       SetEnhMetaFileBits
 0001:00005AA4       SetErrorMode
 0001:00005AAC       SetEvent
 0001:000030E8       SetExceptionHandler
 0001:00000298       SetFilePointer
 0001:00005AB4       SetFilePointer
 0001:0000FCF8       SetFloatProp
 0001:000061B4       SetFocus
 0001:000061BC       SetForegroundWindow
 0001:0006DC84       SetHorzRange
 0001:00042E84       SetImeMode
 0001:000018CC       SetInOutRes
 0001:00010024       SetInt64Prop
 0001:000100E0       SetInterfaceProp
 0001:00017310       SetInterfaceReference
 0001:00017288       SetIntIdent
 0001:000061C4       SetKeyboardState
 0002:00000BC0       SetLayeredWindowAttributes
 0001:0000F8C8       SetLongStrProp
 0001:00005CE4       SetMapMode
 0001:000061CC       SetMenu
 0001:000061D4       SetMenuItemInfo
 0001:0000FFC4       SetMethodProp
 0001:000172D0       SetObjectIdent
 0001:0000F724       SetOrdProp
 0001:00005CEC       SetPixel
 0001:000061DC       SetProp
 0001:000061E4       SetRect
 0001:00005CF4       SetROP2
 0001:0006D930       SetScroll
 0001:000061EC       SetScrollInfo
 0001:000061F4       SetScrollPos
 0001:000061FC       SetScrollRange
 0001:0000F7C4       SetShortStrProp
 0001:0000F840       SetShortStrPropAsLongStr
 0001:00005CFC       SetStretchBltMode
 0001:0000F9F8       SetStrProp
 0001:00005D04       SetTextColor
 0001:00005ABC       SetThreadLocale
 0001:00006204       SetTimer
 0001:000042F0       SetVariantManager
 0001:0000FF44       SetVariantProp
 0001:0006DD18       SetVertRange
 0001:00005D0C       SetViewportExtEx
 0001:00005D14       SetViewportOrgEx
 0001:000583E4       SetVisible
 0001:0000FB0C       SetWideStrProp
 0001:0000F960       SetWideStrPropAsLongStr
 0001:00005D24       SetWindowExtEx
 0001:0000620C       SetWindowLong
 0001:00005D2C       SetWindowOrgEx
 0001:00006214       SetWindowPlacement
 0001:0000621C       SetWindowPos
 0001:0000622C       SetWindowsHookEx
 0001:00006224       SetWindowText
 0001:00005D1C       SetWinMetaFileBits
 0002:0000010C       ShareMode
 0001:0002CF4C       ShellAPI
 0002:00002C88       ShellModule
 0001:0002D02C       ShlObj
 0001:00046E84       ShortCut
 0002:00002BF8       ShortCutItems
 0001:00046F10       ShortCutToText
 0002:0000273C       ShortDateFormat
 0002:000027B8       ShortDayNames
 0002:00002758       ShortMonthNames
 0002:00002750       ShortTimeFormat
 0002:00000C2C       ShowCommands
 0002:00000C20       ShowCommands
 0002:00000C38       ShowCommands
 0001:00006234       ShowCursor
 0001:00008FBC       ShowException
 0002:00000A34       ShowFlags
 0002:00000CD4       ShowFlags
 0001:0004EA00       ShowMDIClientEdge
 0001:0000623C       ShowOwnedPopups
 0001:00006244       ShowScrollBar
 0001:0000624C       ShowWindow
 0001:00056480       ShowWinNoAnimate
 0001:000423EC       ShowZone
 0001:0005B234       Sign
 0002:00000CD8       SignMutate
 0001:0000DA0C       SimpleVarCmp
 0001:000597BC       SimTools
 0001:0005DA2C       SimWorld
 0002:00000A94       SizeCursors
 0001:00005AC4       SizeofResource
 0001:00017DC0       SkipBinary
 0001:00017DF0       SkipCollection
 0001:00017D98       SkipList
 0001:00005ACC       Sleep
 0001:0000A1A0       Sleep
 0001:00011898       SmallPoint
 0001:00006318       SmallPointToPoint
 0002:0000261C       smallTab
 0001:00064D20       SolveForX
 0001:00064D58       SolveForY
 0002:00000844       Sorteds
 0002:000025E4       spaceRoot
 0002:00000E0C       SPAIndexMask
 0002:00000E10       SPASecShift
 0001:000730A0       Spin
 0001:0006B17C       StackAlloc
 0001:0006B1AC       StackFree
 0001:000124F8       StartClassGroup
 0001:000318EC       StdActns
 0001:0002CF14       StdCtrls
 0001:0001B894       StdWndProc
 0002:00002A38       StockBrush
 0002:00002A3C       StockFont
 0002:00002A40       StockIcon
 0002:00002A34       StockPen
 0001:00070834       StoreItem
 0001:00007CC0       StrAlloc
 0001:00007CD4       StrBufSize
 0001:00009910       StrByteType
 0001:00009928       StrCharLength
 0001:00007B90       StrComp
 0001:00007AF0       StrCopy
 0001:00007D0C       StrDispose
 0001:00045884       StreamsEqual
 0001:00007ACC       StrEnd
 0001:00005D34       StretchBlt
 0001:000081A8       StrFmt
 0001:00007BB4       StrIComp
 0001:0000D994       StringCompare
 0001:00014F08       StringListCompareStrings
 0001:00004278       StringToOleStr
 0001:0004C10C       StripHotkey
 0001:00007B18       StrLCopy
 0001:00007AB4       StrLen
 0001:000081E8       StrLFmt
 0001:00007BF4       StrLIComp
 0001:00007AE0       StrMove
 0001:00007CE0       StrNew
 0001:00007CAC       StrPas
 0001:00007B4C       StrPCopy
 0001:00007B70       StrPLCopy
 0001:00007C58       StrPos
 0001:00007C38       StrScan
 0001:00007770       StrToInt
 0001:000077C4       StrToInt64
 0001:000077AC       StrToIntDef
 0001:00031784       StrUtils
 0002:00000C0C       Styles
 0002:00000830       Styles
 0001:0000A9A8       Supports
 0001:0000A984       Supports
 0002:000004C4       SyncList
 0001:00000370       SysAllocStringLen
 0001:000067A8       SysConst
 0002:00000BDC       SysConsts
 0002:00000BD4       SysConsts
 0001:0000887C       SysErrorMessage
 0001:0000130C       SysFreeMem
 0001:00000380       SysFreeString
 0001:0000117C       SysGetMem
 0001:00005894       SysInit
 0002:000027F0       SysLocale
 0001:00001680       SysReallocMem
 0001:00000378       SysReAllocStringLen
 0001:000056E8       System
 0002:00002A28       SystemPalette16
 0001:0001F620       SystemPaletteOverride
 0001:00006254       SystemParametersInfo
 0001:0000AF14       SysUtils
 0001:000623D4       TabControlError
 0002:0000086C       TabStops
 0002:00000DE8       TabStyles
 0001:0005B638       TACreature.AddSegment
 0001:0005B6F0       TACreature.Create
 0001:0005B86C       TACreature.Destroy
 0001:0005B9DC       TACreature.GetAlive
 0001:0005BDBC       TACreature.GetBodyWidth
 0001:0005BA44       TACreature.GetHead
 0001:0005BBB0       TACreature.GetSegment
 0001:0005BCC8       TACreature.GetSegmentCount
 0001:0005BB9C       TACreature.GetTail
 0001:0005B95C       TACreature.GetTailBottom
 0001:0005B928       TACreature.GetTailLeft
 0001:0005BA58       TACreature.Intersect
 0001:0005B9EC       TACreature.Living
 0001:0005BBCC       TACreature.MoveHead
 0001:0005B990       TACreature.SetBodyWidth
 0001:0005BCDC       TACreature.SetIntersectRatio
 0001:0005B9C4       TACreature.SetName
 0001:0005BCF8       TACreature.SetParenthood
 0001:0005BD00       TACreature.UpDateFace
 0001:00043D34       TActionLink.IsCaptionLinked
 0001:00043D48       TActionLink.IsCheckedLinked
 0001:00043D5C       TActionLink.IsEnabledLinked
 0001:00043D70       TActionLink.IsGroupIndexLinked
 0001:00043D84       TActionLink.IsHelpContextLinked
 0001:00043D98       TActionLink.IsHelpLinked
 0001:00043DAC       TActionLink.IsHintLinked
 0001:00043DC0       TActionLink.IsImageIndexLinked
 0001:00043DD4       TActionLink.IsShortCutLinked
 0001:00043DE8       TActionLink.IsVisibleLinked
 0001:00043DFC       TActionLink.SetAutoCheck
 0001:00043E00       TActionLink.SetCaption
 0001:00043E04       TActionLink.SetChecked
 0001:00043E08       TActionLink.SetEnabled
 0001:00043E0C       TActionLink.SetGroupIndex
 0001:00043E10       TActionLink.SetHelpContext
 0001:00043E14       TActionLink.SetHelpKeyword
 0001:00043E18       TActionLink.SetHelpType
 0001:00043E1C       TActionLink.SetHint
 0001:00043E20       TActionLink.SetImageIndex
 0001:00043E24       TActionLink.SetShortCut
 0001:00043E28       TActionLink.SetVisible
 0001:000588D4       TApplication.ActivateHint
 0001:00057588       TApplication.BringToFront
 0001:000586E8       TApplication.CancelHint
 0001:00056B98       TApplication.CheckIniChange
 0001:0005696C       TApplication.ControlDestroyed
 0001:000564C0       TApplication.Create
 0001:00057A04       TApplication.CreateForm
 0001:000567C8       TApplication.CreateHandle
 0001:000566AC       TApplication.Destroy
 0001:00058CCC       TApplication.DispatchAction
 0001:000580AC       TApplication.DoActionIdle
 0001:00058110       TApplication.DoMouseIdle
 0001:00056A3C       TApplication.DoNormalizeTopMosts
 0001:00058D5C       TApplication.ExecuteAction
 0001:00058C90       TApplication.GetCurrentHelpFile
 0001:000573BC       TApplication.GetIconHandle
 0001:000575C4       TApplication.GetTitle
 0001:00057B84       TApplication.HandleException
 0001:000578F0       TApplication.HandleMessage
 0001:00058054       TApplication.HelpCommand
 0001:00057FEC       TApplication.HelpContext
 0001:00057F84       TApplication.HelpKeyword
 0001:000586A4       TApplication.HideHint
 0001:0005855C       TApplication.HintMouseMessage
 0001:0005866C       TApplication.HintTimerExpired
 0001:00057914       TApplication.HookMainWindow
 0001:00058E08       TApplication.HookSynchronizeWakeup
 0001:000582EC       TApplication.IconChanged
 0001:00058194       TApplication.Idle
 0001:000579EC       TApplication.Initialize
 0001:00057E54       TApplication.InvokeHelp
 0001:000576A0       TApplication.IsDlgMsg
 0001:000577B8       TApplication.IsHintMsg
 0001:00057700       TApplication.IsKeyMsg
 0001:000576C4       TApplication.IsMDIMsg
 0001:000577EC       TApplication.IsShortCut
 0001:00057C14       TApplication.MessageBox
 0001:000573D8       TApplication.Minimize
 0001:00056AF4       TApplication.NormalizeAllTopMosts
 0001:00056AEC       TApplication.NormalizeTopMosts
 0001:000582B0       TApplication.NotifyForms
 0001:00057858       TApplication.ProcessMessage
 0001:00057488       TApplication.Restore
 0001:00056AFC       TApplication.RestoreTopMosts
 0001:00057A84       TApplication.Run
 0001:00058350       TApplication.SetHint
 0001:0005805C       TApplication.SetShowHint
 0001:00056BF0       TApplication.SettingChange
 0001:00057610       TApplication.SetTitle
 0001:00057D7C       TApplication.ShowException
 0001:000584F0       TApplication.StartHintTimer
 0001:00058534       TApplication.StopHintTimer
 0001:00057B70       TApplication.Terminate
 0001:00057970       TApplication.UnhookMainWindow
 0001:00058E18       TApplication.UnhookSynchronizeWakeup
 0001:00058D84       TApplication.UpdateAction
 0001:00058440       TApplication.UpdateVisible
 0001:00056B80       TApplication.UseRightToLeftAlignment
 0001:00056B68       TApplication.UseRightToLeftReading
 0001:000584C8       TApplication.ValidateHelpSystem
 0001:00058DF8       TApplication.WakeMainThread
 0001:00056CE4       TApplication.WndProc
 0002:00000BC4       TaskActiveWindow
 0002:00000BCC       TaskFirstTopMost
 0002:00000BC8       TaskFirstWindow
 0002:00000BD0       TaskWindowList
 0001:00035308       TBaseDragControlObject.Assign
 0001:000352E4       TBaseDragControlObject.Create
 0001:00035334       TBaseDragControlObject.EndDrag
 0001:00035360       TBaseDragControlObject.Finished
 0001:0001B2C4       TBasicAction.Change
 0001:0001B160       TBasicAction.Create
 0001:0001B1A4       TBasicAction.Destroy
 0001:0001B230       TBasicAction.Execute
 0001:0001B200       TBasicAction.ExecuteTarget
 0001:0001B1FC       TBasicAction.HandlesTarget
 0001:0001B204       TBasicAction.Notification
 0001:0001B2D8       TBasicAction.RegisterChanges
 0001:0001B268       TBasicAction.SetOnExecute
 0001:0001B2E4       TBasicAction.UnRegisterChanges
 0001:0001B24C       TBasicAction.Update
 0001:0001B22C       TBasicAction.UpdateTarget
 0001:0001B090       TBasicActionLink.AssignClient
 0001:0001B0C8       TBasicActionLink.Change
 0001:0001B04C       TBasicActionLink.Create
 0001:0001B094       TBasicActionLink.Destroy
 0001:0001B0E0       TBasicActionLink.Execute
 0001:0001B148       TBasicActionLink.IsOnExecuteLinked
 0001:0001B11C       TBasicActionLink.SetAction
 0001:0001B14C       TBasicActionLink.SetOnExecute
 0001:0001B154       TBasicActionLink.Update
 0001:00060C98       TBitBtn.ActionChange
 0001:000605D4       TBitBtn.Click
 0001:000608FC       TBitBtn.CMEnabledChanged
 0001:000608E8       TBitBtn.CMFontChanged
 0001:00060650       TBitBtn.CNDrawItem
 0001:00060640       TBitBtn.CNMeasureItem
 0001:000604A0       TBitBtn.Create
[...]
   986 0001:0005B15F   987 0001:0005B168   988 0001:0005B172   989 0001:0005B178
   990 0001:0005B1B1   991 0001:0005B1DB   994 0001:0005B200   995 0001:0005B207
   996 0001:0005B222  1000 0001:0005B228  1001 0001:0005B22B  1010 0001:0005B22C
  1011 0001:0005B22F  1015 0001:0005B230  1016 0001:0005B233  1031 0001:0005B234
  1032 0001:0005B238  1034 0001:0005B23B  1035 0001:0005B23F  1036 0001:0005B246
  1037 0001:0005B249  1039 0001:0005B24C  1040 0001:0005B25A  1043 0001:0005B265
  1044 0001:0005B281  1045 0001:0005B29E  1046 0001:0005B2A4  1047 0001:0005B2AD
  1048 0001:0005B2C2  1049 0001:0005B2C7  1050 0001:0005B2CD  1052 0001:0005B2D4
  1053 0001:0005B307  1054 0001:0005B33A  1057 0001:0005B372  1058 0001:0005B376
  1059 0001:0005B37A  1060 0001:0005B37C  1061 0001:0005B3A3  1062 0001:0005B3CA
  1063 0001:0005B3E4  1064 0001:0005B3FE  1065 0001:0005B438  1068 0001:0005B43C
  1069 0001:0005B442  1070 0001:0005B458  1071 0001:0005B465  1073 0001:0005B46F
  1074 0001:0005B48E  1075 0001:0005B498  1077 0001:0005B4A2  1078 0001:0005B4A9
  1079 0001:0005B4B1  1082 0001:0005B4E8  1083 0001:0005B4EC  1084 0001:0005B4FD
  1087 0001:0005B500  1088 0001:0005B503  1089 0001:0005B506  1090 0001:0005B50D
  1091 0001:0005B514  1094 0001:0005B518  1095 0001:0005B51B  1096 0001:0005B51E
  1097 0001:0005B526  1101 0001:0005B528  1102 0001:0005B52B  1105 0001:0005B52C
  1106 0001:0005B52F  1107 0001:0005B532  1108 0001:0005B53A  1111 0001:0005B53C
  1112 0001:0005B545  1113 0001:0005B548  1114 0001:0005B54B  1115 0001:0005B555
  1116 0001:0005B55F  1117 0001:0005B566  1118 0001:0005B56D  1121 0001:0005B574
  1122 0001:0005B57B  1123 0001:0005B59D  1126 0001:0005B5A4  1127 0001:0005B5AB
  1128 0001:0005B5CD  1131 0001:0005B5D4  1132 0001:0005B5DD  1133 0001:0005B5FD
  1136 0001:0005B604  1137 0001:0005B60D  1138 0001:0005B62D  1142 0001:0005B634
  1143 0001:0005B637  1150 0001:0005B638  1151 0001:0005B641  1152 0001:0005B64D
  1153 0001:0005B668  1154 0001:0005B699  1155 0001:0005B6AA  1156 0001:0005B6B6
  1157 0001:0005B6C4  1158 0001:0005B6D1  1159 0001:0005B6EC  1162 0001:0005B6F0
  1163 0001:0005B70D  1164 0001:0005B716  1165 0001:0005B71F  1166 0001:0005B723
  1167 0001:0005B737  1168 0001:0005B73D  1169 0001:0005B74F  1170 0001:0005B763
  1171 0001:0005B777  1172 0001:0005B78B  1173 0001:0005B79F  1174 0001:0005B7B3
  1175 0001:0005B7C7  1176 0001:0005B7DB  1177 0001:0005B7E4  1180 0001:0005B7EA
  1181 0001:0005B7F4  1182 0001:0005B803  1183 0001:0005B812  1185 0001:0005B822
  1186 0001:0005B829  1187 0001:0005B830  1188 0001:0005B863  1193 0001:0005B86C
  1194 0001:0005B87D  1195 0001:0005B897  1194 0001:0005B8AA  1196 0001:0005B8AD
  1197 0001:0005B8B8  1198 0001:0005B8C3  1199 0001:0005B8CE  1200 0001:0005B8D9
  1201 0001:0005B8E4  1202 0001:0005B8EF  1203 0001:0005B8FA  1204 0001:0005B905
  1205 0001:0005B91F  1208 0001:0005B928  1209 0001:0005B92F  1210 0001:0005B93B
  1211 0001:0005B949  1212 0001:0005B955  1215 0001:0005B95C  1216 0001:0005B963
  1217 0001:0005B96F  1218 0001:0005B97D  1219 0001:0005B989  1222 0001:0005B990
  1223 0001:0005B999  1224 0001:0005B9A7  1225 0001:0005B9BF  1228 0001:0005B9C4
  1229 0001:0005B9CD  1230 0001:0005B9D7  1239 0001:0005B9DC  1240 0001:0005B9E9
  1243 0001:0005B9EC  1244 0001:0005B9F2  1245 0001:0005B9FD  1246 0001:0005BA08
  1247 0001:0005BA13  1248 0001:0005BA1E  1249 0001:0005BA29  1250 0001:0005BA34
  1251 0001:0005BA3F  1254 0001:0005BA44  1255 0001:0005BA4A  1256 0001:0005BA55
  1263 0001:0005BA58  1264 0001:0005BA69  1265 0001:0005BA6D  1268 0001:0005BA74
  1269 0001:0005BA7F  1272 0001:0005BA88  1275 0001:0005BACE  1277 0001:0005BAD8
  1279 0001:0005BB6D  1281 0001:0005BB71  1266 0001:0005BB7B  1283 0001:0005BB93
  1292 0001:0005BB9C  1293 0001:0005BBA2  1294 0001:0005BBAD  1297 0001:0005BBB0
  1298 0001:0005BBB9  1299 0001:0005BBC6  1304 0001:0005BBCC  1305 0001:0005BBD8
  1306 0001:0005BC00  1307 0001:0005BC28  1310 0001:0005BC65  1311 0001:0005BC73
  1312 0001:0005BC81  1313 0001:0005BC90  1317 0001:0005BC94  1318 0001:0005BCA1
  1319 0001:0005BCB0  1320 0001:0005BCBD  1322 0001:0005BCBF  1326 0001:0005BCC8
  1327 0001:0005BCD2  1328 0001:0005BCD6  1329 0001:0005BCD8  1332 0001:0005BCDC
  1333 0001:0005BCDF  1334 0001:0005BCF1  1338 0001:0005BCF8  1339 0001:0005BCFE
  1342 0001:0005BD00  1343 0001:0005BD06  1344 0001:0005BD0F  1345 0001:0005BD23
  1346 0001:0005BD2C  1347 0001:0005BD40  1348 0001:0005BD49  1349 0001:0005BD5D
  1350 0001:0005BD66  1351 0001:0005BD7A  1354 0001:0005BDBC  1355 0001:0005BDC2
  1356 0001:0005BDCE  1361 0001:0005BDD4  1362 0001:0005BDEC  1363 0001:0005BDF5
  1364 0001:0005BDF8  1365 0001:0005BDFF  1366 0001:0005BE06  1367 0001:0005BE0D
  1368 0001:0005BE12  1369 0001:0005BE19  1370 0001:0005BE1E  1371 0001:0005BE3A
  1374 0001:0005BE40  1375 0001:0005BE4E  1376 0001:0005BE65  1379 0001:0005BE6C
  1380 0001:0005BE72  1381 0001:0005BE99  1384 0001:0005BEA4  1385 0001:0005BEAA
  1386 0001:0005BED1  1389 0001:0005BEDC  1390 0001:0005BEE2  1391 0001:0005BF09
  1394 0001:0005BF14  1395 0001:0005BF1A  1396 0001:0005BF41  1399 0001:0005BF4C
  1400 0001:0005BF52  1401 0001:0005BF79  1405 0001:0005BF84  1406 0001:0005BF88
  1407 0001:0005BF8E  1408 0001:0005BF91  1412 0001:0005BF94  1413 0001:0005BF98
  1414 0001:0005BF9E  1415 0001:0005BFA1  1419 0001:0005BFA4  1420 0001:0005BFA8
  1421 0001:0005BFAE  1422 0001:0005BFB1  1440 0001:0005BFB4  1441 0001:0005BFB8
  1442 0001:0005BFBE  1443 0001:0005BFC1  1453 0001:0005BFC4  1454 0001:0005BFCA
  1455 0001:0005BFDE  1456 0001:0005BFF3  1458 0001:0005C009  1459 0001:0005C01E
  1461 0001:0005C037  1462 0001:0005C04F  1463 0001:0005C068  1464 0001:0005C07F
  1465 0001:0005C097  1467 0001:0005C0B3  1468 0001:0005C0C8  1470 0001:0005C0E1
  1473 0001:0005C0F9  1474 0001:0005C10E  1475 0001:0005C127  1476 0001:0005C13E
  1478 0001:0005C14D  1479 0001:0005C162  1481 0001:0005C16F  1482 0001:0005C184
  1484 0001:0005C194  1485 0001:0005C1A9  1486 0001:0005C1B9  1487 0001:0005C1C7
  1490 0001:0005C1D4  1495 0001:0005C1D8  1496 0001:0005C1F0  1497 0001:0005C1F9
  1498 0001:0005C213  1501 0001:0005C218  1502 0001:0005C223  1503 0001:0005C22E
  1504 0001:0005C289  1509 0001:0005C290  1510 0001:0005C298  1511 0001:0005C2B3
  1514 0001:0005C2CB  1518 0001:0005C2CF  1519 0001:0005C2D9  1520 0001:0005C2E7
  1515 0001:0005C2F6  1523 0001:0005C31E  1525 0001:0005C336  1526 0001:0005C344
  1527 0001:0005C34F  1528 0001:0005C358  1534 0001:0005C360  1535 0001:0005C36B
  1537 0001:0005C36E  1538 0001:0005C376  1539 0001:0005C37F  1541 0001:0005C383
  1542 0001:0005C389  1543 0001:0005C3AA  1544 0001:0005C3B5  1545 0001:0005C3BC
  1547 0001:0005C3C5  1548 0001:0005C3CB  1549 0001:0005C3D3  1550 0001:0005C3F3
  1551 0001:0005C3FA  1552 0001:0005C448  1554 0001:0005C44F  1563 0001:0005C45C
  1564 0001:0005C486  1567 0001:0005C4AB  1568 0001:0005C4C3  1569 0001:0005C4DD
  1570 0001:0005C4E9  1573 0001:0005C576  1574 0001:0005C580  1575 0001:0005C591
  1576 0001:0005C59B  1577 0001:0005C5A4  1579 0001:0005C5BC  1580 0001:0005C5C9
  1581 0001:0005C5D9  1577 0001:0005C5E9  1583 0001:0005C5EC  1584 0001:0005C600
  1585 0001:0005C618  1587 0001:0005C657  1592 0001:0005C660  1593 0001:0005C689
  1596 0001:0005C6AE  1597 0001:0005C6C6  1600 0001:0005C75E  1601 0001:0005C773
  1602 0001:0005C77E  1603 0001:0005C797  1604 0001:0005C7A7  1605 0001:0005C7B9
  1606 0001:0005C7D0  1607 0001:0005C7EE  1609 0001:0005C82D  1612 0001:0005C834
  1613 0001:0005C84C  1614 0001:0005C855  1615 0001:0005C85A  1616 0001:0005C86A
  1617 0001:0005C87D  1618 0001:0005C8AA  1623 0001:0005C8B0  1624 0001:0005C8B7
  1625 0001:0005C8C6  1628 0001:0005C8CA  1629 0001:0005C8DE  1630 0001:0005C8E0
  1632 0001:0005C8F3  1633 0001:0005C8F7  1636 0001:0005C8FC  1637 0001:0005C925
  1640 0001:0005C93B  1641 0001:0005C950  1643 0001:0005C9E8  1644 0001:0005CA06
  1646 0001:0005CA34  1649 0001:0005CA3C  1650 0001:0005CA45  1651 0001:0005CA5E
  1652 0001:0005CA77  1655 0001:0005CA7C  1656 0001:0005CA7F  1657 0001:0005CA84
  1660 0001:0005CA88  1661 0001:0005CA90  1663 0001:0005CA96  1664 0001:0005CA9E
  1665 0001:0005CAA7  1666 0001:0005CAB2  1668 0001:0005CACE  1669 0001:0005CAE7
  1671 0001:0005CAF0  1672 0001:0005CB0C  1673 0001:0005CB15  1674 0001:0005CB1C
  1678 0001:0005CB24  1679 0001:0005CB27  1683 0001:0005CB28  1684 0001:0005CB2B
  1688 0001:0005CB2C  1689 0001:0005CB2F  1692 0001:0005CB30  1693 0001:0005CB33
  1694 0001:0005CB36  1695 0001:0005CB3B  1696 0001:0005CB42  1700 0001:0005CB44
  1701 0001:0005CB47  1711 0001:0005CB48  1712 0001:0005CB60  1713 0001:0005CB69
  1714 0001:0005CB6E  1715 0001:0005CB7D  1716 0001:0005CB8F  1717 0001:0005CBA1
  1718 0001:0005CBC7  1723 0001:0005CBCC  1724 0001:0005CBD3  1725 0001:0005CC00
  1728 0001:0005CC08  1729 0001:0005CC1C  1730 0001:0005CC46  1731 0001:0005CC70
  1732 0001:0005CC9A  1734 0001:0005CC9E  1735 0001:0005CCA0  1744 0001:0005CCA4
  1745 0001:0005CCA7  1748 0001:0005CCA8  1749 0001:0005CCAE  1750 0001:0005CCCD
  1751 0001:0005CCD4  1754 0001:0005CCDC  1755 0001:0005CCEF  1757 0001:0005CD0D
  1760 0001:0005CD15  1761 0001:0005CD28  1763 0001:0005CD46  1767 0001:0005CD4C
  1768 0001:0005CD4F  1772 0001:0005CD50  1773 0001:0005CD53  1778 0001:0005CD54
  1779 0001:0005CD6C  1780 0001:0005CD75  1781 0001:0005CD8F  1786 0001:0005CD94
  1791 0001:0005CD98  1792 0001:0005CDAE  1793 0001:0005CDCF  1794 0001:0005CDDB
  1795 0001:0005CDE2  1797 0001:0005CDE5  1798 0001:0005CDE8  1800 0001:0005CE05
  1805 0001:0005CE0C  1806 0001:0005CE22  1807 0001:0005CE43  1808 0001:0005CE4F
  1809 0001:0005CE56  1811 0001:0005CE59  1812 0001:0005CE5C  1813 0001:0005CE60
  1815 0001:0005CE7D  1820 0001:0005CE84  1821 0001:0005CE9A  1822 0001:0005CEBB
  1823 0001:0005CEC7  1824 0001:0005CECE  1826 0001:0005CED1  1827 0001:0005CED4
  1828 0001:0005CED8  1830 0001:0005CEF5  1835 0001:0005CEFC  1836 0001:0005CF12
  1837 0001:0005CF33  1838 0001:0005CF3F  1839 0001:0005CF44  1841 0001:0005CF47
  1842 0001:0005CF4A  1843 0001:0005CF4E  1845 0001:0005CF6B  1850 0001:0005CF74
  1851 0001:0005CF8C  1852 0001:0005CF95  1853 0001:0005CF9A  1854 0001:0005CFC0
  1857 0001:0005CFC8  1858 0001:0005CFD0  1860 0001:0005CFD9  1862 0001:0005CFE5
  1863 0001:0005CFFA  1865 0001:0005D006  1866 0001:0005D01E  1867 0001:0005D02A
  1869 0001:0005D034  1872 0001:0005D03C  1873 0001:0005D043  1875 0001:0005D051
  1877 0001:0005D053  1878 0001:0005D071  1880 0001:0005D084  1890 0001:0005D088
  1891 0001:0005D0A0  1892 0001:0005D0A9  1893 0001:0005D0C3  1896 0001:0005D0C8
  1897 0001:0005D0D0  1899 0001:0005D101  1900 0001:0005D127  1902 0001:0005D158
  1903 0001:0005D162  1912 0001:0005D168  1913 0001:0005D176  1914 0001:0005D185
  1915 0001:0005D1A3  1918 0001:0005D1B0  1919 0001:0005D1BE  1920 0001:0005D1CD
  1921 0001:0005D1D9  1925 0001:0005D1F1  1926 0001:0005D1FF  1927 0001:0005D20F
  1928 0001:0005D21C  1929 0001:0005D237  1914 0001:0005D238  1930 0001:0005D242
  1938 0001:0005D24C  1939 0001:0005D255  1940 0001:0005D261  1941 0001:0005D298
  1942 0001:0005D29E  1943 0001:0005D2A7  1948 0001:0005D2B0  1949 0001:0005D2B9
  1950 0001:0005D2C5  1951 0001:0005D2FF  1953 0001:0005D301  1958 0001:0005D308
  1959 0001:0005D311  1960 0001:0005D320  1961 0001:0005D33A  1962 0001:0005D347
  1963 0001:0005D367  1960 0001:0005D390  1964 0001:0005D396  1969 0001:0005D39C
  1970 0001:0005D3A6  1971 0001:0005D3AB  1974 0001:0005D3B6  1975 0001:0005D3C9
  1976 0001:0005D3D2  1978 0001:0005D3E2  1981 0001:0005D3E8  1982 0001:0005D3EE
  1983 0001:0005D3FE  1988 0001:0005D404  1989 0001:0005D40E  1990 0001:0005D410
  1993 0001:0005D41B  1994 0001:0005D42E  1995 0001:0005D437  1997 0001:0005D444
  2002 0001:0005D44C  2003 0001:0005D456  2004 0001:0005D458  2007 0001:0005D463
  2008 0001:0005D476  2009 0001:0005D481  2011 0001:0005D485  2012 0001:0005D48A
  2014 0001:0005D48E  2018 0001:0005D494  2019 0001:0005D498  2020 0001:0005D49B
  2025 0001:0005D49C  2026 0001:0005D4A5  2029 0001:0005D4B0  2030 0001:0005D4C3
  2031 0001:0005D4CC  2033 0001:0005D4DF  2038 0001:0005D4E8  2039 0001:0005D4F4
  2042 0001:0005D4FF  2043 0001:0005D512  2044 0001:0005D51B  2046 0001:0005D526
  2050 0001:0005D52C  2051 0001:0005D530  2052 0001:0005D533  2055 0001:0005D534
  2056 0001:0005D549  2057 0001:0005D552  2058 0001:0005D56B  2059 0001:0005D591
  2062 0001:0005D598  2063 0001:0005D5A6  2064 0001:0005D5BF  2065 0001:0005D5D6
  2068 0001:0005D5DC  2069 0001:0005D5E1  2070 0001:0005D5EF  2071 0001:0005D5F5
  2074 0001:0005D600  2075 0001:0005D603  2076 0001:0005D60C  2080 0001:0005D610
  2081 0001:0005D613  2084 0001:0005D614  2085 0001:0005D617  2086 0001:0005D620
  2090 0001:0005D624  2091 0001:0005D62A  2095 0001:0005D62C  2096 0001:0005D62F
  2100 0001:0005D630  2101 0001:0005D633  2105 0001:0005D634  2106 0001:0005D637
  2110 0001:0005D638  2111 0001:0005D63B  2115 0001:0005D63C  2116 0001:0005D63F
  2120 0001:0005D640  2121 0001:0005D646  2125 0001:0005D648  2126 0001:0005D64B
  2130 0001:0005D64C  2131 0001:0005D64F  2135 0001:0005D650  2136 0001:0005D653
  2140 0001:0005D654  2141 0001:0005D657  2145 0001:0005D658  2146 0001:0005D65B
  2150 0001:0005D65C  2151 0001:0005D65F  2155 0001:0005D660  2156 0001:0005D663
  2160 0001:0005D664  2161 0001:0005D66A  2164 0001:0005D66C  2165 0001:0005D66F
  2166 0001:0005D678  2170 0001:0005D67C  2171 0001:0005D682  2175 0001:0005D684
  2176 0001:0005D68A  2180 0001:0005D68C  2181 0001:0005D692  2185 0001:0005D694
  2186 0001:0005D697  2190 0001:0005D698  2191 0001:0005D69B  2194 0001:0005D69C
  2195 0001:0005D69F  2196 0001:0005D6A5  2200 0001:0005D6AC  2201 0001:0005D6AF
  2205 0001:0005D6B0  2206 0001:0005D6B3  2210 0001:0005D6B4  2211 0001:0005D6BA
  2215 0001:0005D6BC  2216 0001:0005D6BF  2220 0001:0005D6C0  2221 0001:0005D6C3
  2225 0001:0005D6C4  2226 0001:0005D6C7  2230 0001:0005D6C8  2231 0001:0005D6CB
  2235 0001:0005D6CC  2236 0001:0005D6D2  2240 0001:0005D6D4  2241 0001:0005D6DA
  2245 0001:0005D6DC  2246 0001:0005D6DF  2250 0001:0005D6E0  2251 0001:0005D6E6
  2255 0001:0005D6E8  2256 0001:0005D6EE  2260 0001:0005D6F0  2261 0001:0005D6F6
  2265 0001:0005D6F8  2266 0001:0005D6FE  2270 0001:0005D700  2271 0001:0005D703
  2275 0001:0005D704  2276 0001:0005D707  2280 0001:0005D708  2281 0001:0005D70E
  2285 0001:0005D710  2286 0001:0005D716  2289 0001:0005D718  2290 0001:0005D72D
  2291 0001:0005D736  2292 0001:0005D74F  2294 0001:0005D75E  2295 0001:0005D76A
  2296 0001:0005D776  2298 0001:0005D782  2299 0001:0005D78E  2300 0001:0005D79A
  2301 0001:0005D7A6  2302 0001:0005D7B2  2303 0001:0005D7BE  2304 0001:0005D7CA
  2305 0001:0005D7D6  2306 0001:0005D7E2  2307 0001:0005D7EE  2309 0001:0005D7FA
  2310 0001:0005D806  2311 0001:0005D812  2312 0001:0005D81E  2313 0001:0005D82A
  2314 0001:0005D836  2315 0001:0005D842  2316 0001:0005D84E  2317 0001:0005D85A
  2318 0001:0005D866  2320 0001:0005D872  2321 0001:0005D87E  2322 0001:0005D887
  2323 0001:0005D890  2324 0001:0005D89C  2325 0001:0005D8A8  2326 0001:0005D8B4
  2327 0001:0005D8C0  2329 0001:0005D8CC  2330 0001:0005D8D8  2331 0001:0005D8E4
  2332 0001:0005D8F0  2333 0001:0005D8FC  2335 0001:0005D908  2336 0001:0005D914
  2337 0001:0005D920  2338 0001:0005D92C  2339 0001:0005D938  2340 0001:0005D944
  2342 0001:0005D950  2343 0001:0005D95C  2344 0001:0005D968  2345 0001:0005D974
  2346 0001:0005D980  2347 0001:0005D98C  2348 0001:0005D9AF  2351 0001:0005D9B4
  2352 0001:0005D9C0  2353 0001:0005D9CB  2354 0001:0005D9EA  2355 0001:0005D9ED
  2359 0001:0005D9F4  2360 0001:0005D9F7  2364 0001:0005D9F8  2365 0001:0005D9FB
  2367 0001:0005DA2C  2367 0001:0005DA33

Line numbers for WorldSpeed(WorldSpeed.pas) segment .text

    28 0001:00073294    28 0001:0007329B

Line numbers for MainForm(MainForm.pas) segment .text

    81 0001:000736E8    82 0001:000736EF    85 0001:0007370C    86 0001:00073718
    87 0001:00073725    88 0001:00073732    90 0001:0007373F   113 0001:00073746
   116 0001:0007374C   117 0001:0007374F   118 0001:0007375A   121 0001:0007375C
   122 0001:00073765   125 0001:00073775   128 0001:00073784   129 0001:00073793
   131 0001:000737AC   133 0001:000737B5   136 0001:000737BC   137 0001:000737C2
   138 0001:000737DD   141 0001:000737E0   142 0001:000737E3   143 0001:000737E8
   146 0001:000737EC   147 0001:000737F2   150 0001:000737FE   151 0001:00073808
   152 0001:00073815   156 0001:00073823   157 0001:0007382D   158 0001:00073838
   160 0001:00073843   163 0001:00073868   166 0001:0007386E   167 0001:0007387D
   168 0001:00073896   170 0001:000738A2   173 0001:000738A8   174 0001:000738AE
   177 0001:000738BA   178 0001:000738C4   179 0001:000738D1   181 0001:000738DC
   182 0001:000738E7   185 0001:000738FC   186 0001:00073902   187 0001:0007390C
   188 0001:00073927   191 0001:0007392C   192 0001:00073932   193 0001:0007393C
   194 0001:00073957   199 0001:0007395C   200 0001:00073964   201 0001:0007397E
   200 0001:00073995   202 0001:00073998   206 0001:000739A0   207 0001:000739A6
   208 0001:000739B6   209 0001:000739C3   212 0001:000739C8   213 0001:000739CE
   214 0001:000739DE   215 0001:000739EB   218 0001:000739F0   219 0001:000739F6
   220 0001:00073A06   221 0001:00073A13   224 0001:00073A18   225 0001:00073A1E
   226 0001:00073A30   227 0001:00073A4F   228 0001:00073A5C   230 0001:00073A90
   230 0001:00073A97

Line numbers for WorldInspector(WorldInspector.pas) segment .text

    81 0001:00073EA4    82 0001:00073EAB    83 0001:00073ECE    84 0001:00073ED5
    87 0001:00073EDC    88 0001:00073EE6    90 0001:00073EEC    91 0001:00073EF2
    92 0001:00073F0B    93 0001:00073F19    95 0001:00073F20    98 0001:00073F28
    99 0001:00073F41   100 0001:00073F62   101 0001:00073F86   106 0001:00073F8C
   107 0001:00073F93   108 0001:00073FA6   109 0001:00073FB8   110 0001:00073FC8
   111 0001:00073FDB   112 0001:00073FED   113 0001:00074012   114 0001:0007401A
   115 0001:00074021   118 0001:00074028   119 0001:0007402E   122 0001:00074037
   123 0001:0007403E   124 0001:00074045   126 0001:0007404C   129 0001:00074050
   130 0001:0007406A   131 0001:00074089   132 0001:000740A7   133 0001:000740C5
   134 0001:000740E3   135 0001:00074101   136 0001:0007411F   137 0001:00074144
   138 0001:00074169   139 0001:000741AC   142 0001:000741B4   143 0001:000741BA
   144 0001:000741C1   145 0001:000741C8   148 0001:000741CC   149 0001:000741CF
   152 0001:000741E3   153 0001:000741ED   154 0001:000741F2   156 0001:00074203
   197 0001:00074208   198 0001:00074222   199 0001:0007424A   200 0001:00074261
   201 0001:00074294   198 0001:000742DA   202 0001:00074303   207 0001:0007430C
   208 0001:0007432D   211 0001:00074337   212 0001:0007434F   213 0001:00074373
   212 0001:000743AE   215 0001:000743CE   218 0001:000743D8   219 0001:000743DB
   220 0001:000743F1   226 0001:000743F4   227 0001:00074412   228 0001:00074426
   230 0001:00074450   231 0001:00074467   232 0001:0007448B   228 0001:0007448E
   233 0001:00074491   234 0001:000744B6   236 0001:000744EC   236 0001:000744F3

Line numbers for CyberLife(C:\Users\Danel\Documents\Investigación\Curriculum Vitae\Artefactos de la Producción\Artificial Vivarium\CyberLife.dpr) segment .text

    14 0001:00074734    15 0001:0007474B    16 0001:00074752    17 0001:0007475E
    18 0001:00074771    19 0001:00074784    20 0001:00074797    21 0001:0007479E

Bound resource files

c:\program files (x86)\borland\delphi6\lib\CONTROLS.RES
c:\program files (x86)\borland\delphi6\lib\BUTTONS.RES
c:\program files (x86)\borland\delphi6\lib\EXTDLGS.RES
c:\program files (x86)\borland\delphi6\lib\SPIN.RES
WorldSpeed.DFM
MainForm.DFM
WorldInspector.DFM
CyberLife.RES
CyberLife.drf


Program entry point at 0001:00074734
